[13:32:03 INF] Executed DbCommand (30ms) [Parameters=[], CommandType='Text', CommandTimeout='30']
SELECT 1
[13:32:03 INF] Executed DbCommand (41ms) [Parameters=[], CommandType='Text', CommandTimeout='30']
DECLARE @result int;
EXEC @result = sp_getapplock @Resource = '__EFMigrationsLock', @LockOwner = 'Session', @LockMode = 'Exclusive';
SELECT @result
[13:32:03 INF] Executed DbCommand (5ms) [Parameters=[], CommandType='Text', CommandTimeout='30']
IF OBJECT_ID(N'[__EFMigrationsHistory]') IS NULL
BEGIN
    CREATE TABLE [__EFMigrationsHistory] (
        [MigrationId] nvarchar(150) NOT NULL,
        [ProductVersion] nvarchar(32) NOT NULL,
        CONSTRAINT [PK___EFMigrationsHistory] PRIMARY KEY ([MigrationId])
    );
END;
[13:32:03 INF] Executed DbCommand (1ms) [Parameters=[], CommandType='Text', CommandTimeout='30']
SELECT 1
[13:32:03 INF] Executed DbCommand (2ms) [Parameters=[], CommandType='Text', CommandTimeout='30']
SELECT OBJECT_ID(N'[__EFMigrationsHistory]');
[13:32:03 INF] Executed DbCommand (14ms) [Parameters=[], CommandType='Text', CommandTimeout='30']
SELECT [MigrationId], [ProductVersion]
FROM [__EFMigrationsHistory]
ORDER BY [MigrationId];
[13:32:03 INF] Executed DbCommand (4ms) [Parameters=[], CommandType='Text', CommandTimeout='30']
DECLARE @result int;
EXEC @result = sp_releaseapplock @Resource = '__EFMigrationsLock', @LockOwner = 'Session';
SELECT @result
[13:32:03 INF] Executed DbCommand (79ms) [Parameters=[], CommandType='Text', CommandTimeout='30']
IF OBJECT_ID(N'[ImportSessions]', N'U') IS NULL
BEGIN
    CREATE TABLE [ImportSessions] (
        [Id] uniqueidentifier NOT NULL CONSTRAINT [PK_ImportSessions] PRIMARY KEY DEFAULT NEWID(),
        [ProjectId] uniqueidentifier NOT NULL,
        [UserId] uniqueidentifier NOT NULL,
        [FileName] nvarchar(256) NOT NULL,
        [TotalRows] int NOT NULL CONSTRAINT [DF_ImportSessions_TotalRows] DEFAULT 0,
        [ImportedCount] int NOT NULL CONSTRAINT [DF_ImportSessions_ImportedCount] DEFAULT 0,
        [SkippedCount] int NOT NULL CONSTRAINT [DF_ImportSessions_SkippedCount] DEFAULT 0,
        [IsUndone] bit NOT NULL CONSTRAINT [DF_ImportSessions_IsUndone] DEFAULT 0,
        [CreatedAt] datetimeoffset NOT NULL CONSTRAINT [DF_ImportSessions_CreatedAt] DEFAULT SYSDATETIMEOFFSET(),
        [UpdatedAt] datetimeoffset NULL
    );
END;

IF COL_LENGTH(N'[TaskItems]', N'ImportSessionId') IS NULL
BEGIN
    ALTER TABLE [TaskItems] ADD [ImportSessionId] uniqueidentifier NULL;
END;

IF NOT EXISTS (
    SELECT 1
    FROM sys.foreign_keys
    WHERE name = N'FK_ImportSessions_Projects_ProjectId'
)
BEGIN
    ALTER TABLE [ImportSessions]
        ADD CONSTRAINT [FK_ImportSessions_Projects_ProjectId]
        FOREIGN KEY ([ProjectId]) REFERENCES [Projects]([Id]) ON DELETE CASCADE;
END;

IF NOT EXISTS (
    SELECT 1
    FROM sys.foreign_keys
    WHERE name = N'FK_ImportSessions_Users_UserId'
)
BEGIN
    ALTER TABLE [ImportSessions]
        ADD CONSTRAINT [FK_ImportSessions_Users_UserId]
        FOREIGN KEY ([UserId]) REFERENCES [Users]([Id]) ON DELETE NO ACTION;
END;

IF NOT EXISTS (
    SELECT 1
    FROM sys.foreign_keys
    WHERE name = N'FK_TaskItems_ImportSessions_ImportSessionId'
)
BEGIN
    ALTER TABLE [TaskItems]
        ADD CONSTRAINT [FK_TaskItems_ImportSessions_ImportSessionId]
        FOREIGN KEY ([ImportSessionId]) REFERENCES [ImportSessions]([Id]) ON DELETE SET NULL;
END;

IF NOT EXISTS (
    SELECT 1
    FROM sys.indexes
    WHERE name = N'IX_ImportSessions_ProjectId'
      AND object_id = OBJECT_ID(N'[ImportSessions]')
)
BEGIN
    CREATE INDEX [IX_ImportSessions_ProjectId] ON [ImportSessions]([ProjectId]);
END;

IF NOT EXISTS (
    SELECT 1
    FROM sys.indexes
    WHERE name = N'IX_ImportSessions_UserId'
      AND object_id = OBJECT_ID(N'[ImportSessions]')
)
BEGIN
    CREATE INDEX [IX_ImportSessions_UserId] ON [ImportSessions]([UserId]);
END;

IF NOT EXISTS (
    SELECT 1
    FROM sys.indexes
    WHERE name = N'IX_TaskItems_ImportSessionId'
      AND object_id = OBJECT_ID(N'[TaskItems]')
)
BEGIN
    CREATE INDEX [IX_TaskItems_ImportSessionId] ON [TaskItems]([ImportSessionId]);
END;
[13:32:03 INF] C’­ s ¯Y d ¯_ li ¯Øu Ž`Aœ migrate thAÿnh cA'ng.
[13:32:04 INF] Executed DbCommand (3ms) [Parameters=[], CommandType='Text', CommandTimeout='30']
SELECT CASE
    WHEN EXISTS (
        SELECT 1
        FROM [Users] AS [u]
        WHERE [u].[Email] = N'admin@qaly.dev') THEN CAST(1 AS bit)
    ELSE CAST(0 AS bit)
END
[13:32:04 INF] Executed DbCommand (4ms) [Parameters=[], CommandType='Text', CommandTimeout='30']
SELECT TOP(1) [u].[Id], [u].[AvatarUrl], [u].[CreatedAt], [u].[Email], [u].[FullName], [u].[IsActive], [u].[PasswordHash], [u].[Role], [u].[UpdatedAt]
FROM [Users] AS [u]
WHERE [u].[Email] = N'admin@qaly.dev'
[13:32:04 INF] Executed DbCommand (3ms) [Parameters=[], CommandType='Text', CommandTimeout='30']
SELECT CASE
    WHEN EXISTS (
        SELECT 1
        FROM [Users] AS [u]) THEN CAST(1 AS bit)
    ELSE CAST(0 AS bit)
END
[13:32:04 INF] C’­ s ¯Y d ¯_ li ¯Øu Ž`Aœ cA3 d ¯_ li ¯Øu. B ¯? qua b’ø ¯>c seed.
[13:32:04 INF] B?t d?u d?ng b? d? li?u v…o Vector Database...
[13:32:04 INF] Executed DbCommand (4ms) [Parameters=[], CommandType='Text', CommandTimeout='30']
SELECT [p].[Id], [p].[Code], [p].[CreatedAt], [p].[Description], [p].[EndDate], [p].[LogoUrl], [p].[Name], [p].[OwnerId], [p].[StartDate], [p].[Status], [p].[UpdatedAt]
FROM [Projects] AS [p]
[13:32:04 INF] Executed DbCommand (4ms) [Parameters=[], CommandType='Text', CommandTimeout='30']
SELECT [t].[Id], [t].[ActualHours], [t].[AssigneeId], [t].[ContributesToProgress], [t].[CreatedAt], [t].[Description], [t].[DownvoteCount], [t].[DueDate], [t].[EstimatedHours], [t].[ImportSessionId], [t].[IsPinned], [t].[IsPrivate], [t].[Priority], [t].[ProjectId], [t].[ReporterId], [t].[SortOrder], [t].[StartDate], [t].[Status], [t].[Title], [t].[UpdatedAt], [t].[UpvoteCount]
FROM [TaskItems] AS [t]
[13:32:04 INF] Executed DbCommand (17ms) [Parameters=[@taskId='?' (DbType = Guid)], CommandType='Text', CommandTimeout='30']
SELECT TOP(1) [t].[Id], [t].[ActualHours], [t].[AssigneeId], [t].[ContributesToProgress], [t].[CreatedAt], [t].[Description], [t].[DownvoteCount], [t].[DueDate], [t].[EstimatedHours], [t].[ImportSessionId], [t].[IsPinned], [t].[IsPrivate], [t].[Priority], [t].[ProjectId], [t].[ReporterId], [t].[SortOrder], [t].[StartDate], [t].[Status], [t].[Title], [t].[UpdatedAt], [t].[UpvoteCount], [p].[Id], [p].[Code], [p].[CreatedAt], [p].[Description], [p].[EndDate], [p].[LogoUrl], [p].[Name], [p].[OwnerId], [p].[StartDate], [p].[Status], [p].[UpdatedAt]
FROM [TaskItems] AS [t]
INNER JOIN [Projects] AS [p] ON [t].[ProjectId] = [p].[Id]
WHERE [t].[Id] = @taskId
[13:32:04 INF] Executed DbCommand (2ms) [Parameters=[@taskId='?' (DbType = Guid)], CommandType='Text', CommandTimeout='30']
SELECT TOP(1) [t].[Id], [t].[ActualHours], [t].[AssigneeId], [t].[ContributesToProgress], [t].[CreatedAt], [t].[Description], [t].[DownvoteCount], [t].[DueDate], [t].[EstimatedHours], [t].[ImportSessionId], [t].[IsPinned], [t].[IsPrivate], [t].[Priority], [t].[ProjectId], [t].[ReporterId], [t].[SortOrder], [t].[StartDate], [t].[Status], [t].[Title], [t].[UpdatedAt], [t].[UpvoteCount], [p].[Id], [p].[Code], [p].[CreatedAt], [p].[Description], [p].[EndDate], [p].[LogoUrl], [p].[Name], [p].[OwnerId], [p].[StartDate], [p].[Status], [p].[UpdatedAt]
FROM [TaskItems] AS [t]
INNER JOIN [Projects] AS [p] ON [t].[ProjectId] = [p].[Id]
WHERE [t].[Id] = @taskId
[13:32:04 INF] Executed DbCommand (1ms) [Parameters=[@taskId='?' (DbType = Guid)], CommandType='Text', CommandTimeout='30']
SELECT TOP(1) [t].[Id], [t].[ActualHours], [t].[AssigneeId], [t].[ContributesToProgress], [t].[CreatedAt], [t].[Description], [t].[DownvoteCount], [t].[DueDate], [t].[EstimatedHours], [t].[ImportSessionId], [t].[IsPinned], [t].[IsPrivate], [t].[Priority], [t].[ProjectId], [t].[ReporterId], [t].[SortOrder], [t].[StartDate], [t].[Status], [t].[Title], [t].[UpdatedAt], [t].[UpvoteCount], [p].[Id], [p].[Code], [p].[CreatedAt], [p].[Description], [p].[EndDate], [p].[LogoUrl], [p].[Name], [p].[OwnerId], [p].[StartDate], [p].[Status], [p].[UpdatedAt]
FROM [TaskItems] AS [t]
INNER JOIN [Projects] AS [p] ON [t].[ProjectId] = [p].[Id]
WHERE [t].[Id] = @taskId
[13:32:04 INF] Executed DbCommand (1ms) [Parameters=[@taskId='?' (DbType = Guid)], CommandType='Text', CommandTimeout='30']
SELECT TOP(1) [t].[Id], [t].[ActualHours], [t].[AssigneeId], [t].[ContributesToProgress], [t].[CreatedAt], [t].[Description], [t].[DownvoteCount], [t].[DueDate], [t].[EstimatedHours], [t].[ImportSessionId], [t].[IsPinned], [t].[IsPrivate], [t].[Priority], [t].[ProjectId], [t].[ReporterId], [t].[SortOrder], [t].[StartDate], [t].[Status], [t].[Title], [t].[UpdatedAt], [t].[UpvoteCount], [p].[Id], [p].[Code], [p].[CreatedAt], [p].[Description], [p].[EndDate], [p].[LogoUrl], [p].[Name], [p].[OwnerId], [p].[StartDate], [p].[Status], [p].[UpdatedAt]
FROM [TaskItems] AS [t]
INNER JOIN [Projects] AS [p] ON [t].[ProjectId] = [p].[Id]
WHERE [t].[Id] = @taskId
[13:32:04 INF] Executed DbCommand (1ms) [Parameters=[@taskId='?' (DbType = Guid)], CommandType='Text', CommandTimeout='30']
SELECT TOP(1) [t].[Id], [t].[ActualHours], [t].[AssigneeId], [t].[ContributesToProgress], [t].[CreatedAt], [t].[Description], [t].[DownvoteCount], [t].[DueDate], [t].[EstimatedHours], [t].[ImportSessionId], [t].[IsPinned], [t].[IsPrivate], [t].[Priority], [t].[ProjectId], [t].[ReporterId], [t].[SortOrder], [t].[StartDate], [t].[Status], [t].[Title], [t].[UpdatedAt], [t].[UpvoteCount], [p].[Id], [p].[Code], [p].[CreatedAt], [p].[Description], [p].[EndDate], [p].[LogoUrl], [p].[Name], [p].[OwnerId], [p].[StartDate], [p].[Status], [p].[UpdatedAt]
FROM [TaskItems] AS [t]
INNER JOIN [Projects] AS [p] ON [t].[ProjectId] = [p].[Id]
WHERE [t].[Id] = @taskId
[13:32:04 INF] Executed DbCommand (1ms) [Parameters=[@taskId='?' (DbType = Guid)], CommandType='Text', CommandTimeout='30']
SELECT TOP(1) [t].[Id], [t].[ActualHours], [t].[AssigneeId], [t].[ContributesToProgress], [t].[CreatedAt], [t].[Description], [t].[DownvoteCount], [t].[DueDate], [t].[EstimatedHours], [t].[ImportSessionId], [t].[IsPinned], [t].[IsPrivate], [t].[Priority], [t].[ProjectId], [t].[ReporterId], [t].[SortOrder], [t].[StartDate], [t].[Status], [t].[Title], [t].[UpdatedAt], [t].[UpvoteCount], [p].[Id], [p].[Code], [p].[CreatedAt], [p].[Description], [p].[EndDate], [p].[LogoUrl], [p].[Name], [p].[OwnerId], [p].[StartDate], [p].[Status], [p].[UpdatedAt]
FROM [TaskItems] AS [t]
INNER JOIN [Projects] AS [p] ON [t].[ProjectId] = [p].[Id]
WHERE [t].[Id] = @taskId
[13:32:04 INF] Executed DbCommand (2ms) [Parameters=[@taskId='?' (DbType = Guid)], CommandType='Text', CommandTimeout='30']
SELECT TOP(1) [t].[Id], [t].[ActualHours], [t].[AssigneeId], [t].[ContributesToProgress], [t].[CreatedAt], [t].[Description], [t].[DownvoteCount], [t].[DueDate], [t].[EstimatedHours], [t].[ImportSessionId], [t].[IsPinned], [t].[IsPrivate], [t].[Priority], [t].[ProjectId], [t].[ReporterId], [t].[SortOrder], [t].[StartDate], [t].[Status], [t].[Title], [t].[UpdatedAt], [t].[UpvoteCount], [p].[Id], [p].[Code], [p].[CreatedAt], [p].[Description], [p].[EndDate], [p].[LogoUrl], [p].[Name], [p].[OwnerId], [p].[StartDate], [p].[Status], [p].[UpdatedAt]
FROM [TaskItems] AS [t]
INNER JOIN [Projects] AS [p] ON [t].[ProjectId] = [p].[Id]
WHERE [t].[Id] = @taskId
[13:32:04 INF] Executed DbCommand (1ms) [Parameters=[@taskId='?' (DbType = Guid)], CommandType='Text', CommandTimeout='30']
SELECT TOP(1) [t].[Id], [t].[ActualHours], [t].[AssigneeId], [t].[ContributesToProgress], [t].[CreatedAt], [t].[Description], [t].[DownvoteCount], [t].[DueDate], [t].[EstimatedHours], [t].[ImportSessionId], [t].[IsPinned], [t].[IsPrivate], [t].[Priority], [t].[ProjectId], [t].[ReporterId], [t].[SortOrder], [t].[StartDate], [t].[Status], [t].[Title], [t].[UpdatedAt], [t].[UpvoteCount], [p].[Id], [p].[Code], [p].[CreatedAt], [p].[Description], [p].[EndDate], [p].[LogoUrl], [p].[Name], [p].[OwnerId], [p].[StartDate], [p].[Status], [p].[UpdatedAt]
FROM [TaskItems] AS [t]
INNER JOIN [Projects] AS [p] ON [t].[ProjectId] = [p].[Id]
WHERE [t].[Id] = @taskId
[13:32:04 INF] Executed DbCommand (1ms) [Parameters=[@taskId='?' (DbType = Guid)], CommandType='Text', CommandTimeout='30']
SELECT TOP(1) [t].[Id], [t].[ActualHours], [t].[AssigneeId], [t].[ContributesToProgress], [t].[CreatedAt], [t].[Description], [t].[DownvoteCount], [t].[DueDate], [t].[EstimatedHours], [t].[ImportSessionId], [t].[IsPinned], [t].[IsPrivate], [t].[Priority], [t].[ProjectId], [t].[ReporterId], [t].[SortOrder], [t].[StartDate], [t].[Status], [t].[Title], [t].[UpdatedAt], [t].[UpvoteCount], [p].[Id], [p].[Code], [p].[CreatedAt], [p].[Description], [p].[EndDate], [p].[LogoUrl], [p].[Name], [p].[OwnerId], [p].[StartDate], [p].[Status], [p].[UpdatedAt]
FROM [TaskItems] AS [t]
INNER JOIN [Projects] AS [p] ON [t].[ProjectId] = [p].[Id]
WHERE [t].[Id] = @taskId
[13:32:04 INF] Executed DbCommand (1ms) [Parameters=[@taskId='?' (DbType = Guid)], CommandType='Text', CommandTimeout='30']
SELECT TOP(1) [t].[Id], [t].[ActualHours], [t].[AssigneeId], [t].[ContributesToProgress], [t].[CreatedAt], [t].[Description], [t].[DownvoteCount], [t].[DueDate], [t].[EstimatedHours], [t].[ImportSessionId], [t].[IsPinned], [t].[IsPrivate], [t].[Priority], [t].[ProjectId], [t].[ReporterId], [t].[SortOrder], [t].[StartDate], [t].[Status], [t].[Title], [t].[UpdatedAt], [t].[UpvoteCount], [p].[Id], [p].[Code], [p].[CreatedAt], [p].[Description], [p].[EndDate], [p].[LogoUrl], [p].[Name], [p].[OwnerId], [p].[StartDate], [p].[Status], [p].[UpdatedAt]
FROM [TaskItems] AS [t]
INNER JOIN [Projects] AS [p] ON [t].[ProjectId] = [p].[Id]
WHERE [t].[Id] = @taskId
[13:32:04 INF] Executed DbCommand (1ms) [Parameters=[@taskId='?' (DbType = Guid)], CommandType='Text', CommandTimeout='30']
SELECT TOP(1) [t].[Id], [t].[ActualHours], [t].[AssigneeId], [t].[ContributesToProgress], [t].[CreatedAt], [t].[Description], [t].[DownvoteCount], [t].[DueDate], [t].[EstimatedHours], [t].[ImportSessionId], [t].[IsPinned], [t].[IsPrivate], [t].[Priority], [t].[ProjectId], [t].[ReporterId], [t].[SortOrder], [t].[StartDate], [t].[Status], [t].[Title], [t].[UpdatedAt], [t].[UpvoteCount], [p].[Id], [p].[Code], [p].[CreatedAt], [p].[Description], [p].[EndDate], [p].[LogoUrl], [p].[Name], [p].[OwnerId], [p].[StartDate], [p].[Status], [p].[UpdatedAt]
FROM [TaskItems] AS [t]
INNER JOIN [Projects] AS [p] ON [t].[ProjectId] = [p].[Id]
WHERE [t].[Id] = @taskId
[13:32:04 INF] Executed DbCommand (2ms) [Parameters=[@taskId='?' (DbType = Guid)], CommandType='Text', CommandTimeout='30']
SELECT TOP(1) [t].[Id], [t].[ActualHours], [t].[AssigneeId], [t].[ContributesToProgress], [t].[CreatedAt], [t].[Description], [t].[DownvoteCount], [t].[DueDate], [t].[EstimatedHours], [t].[ImportSessionId], [t].[IsPinned], [t].[IsPrivate], [t].[Priority], [t].[ProjectId], [t].[ReporterId], [t].[SortOrder], [t].[StartDate], [t].[Status], [t].[Title], [t].[UpdatedAt], [t].[UpvoteCount], [p].[Id], [p].[Code], [p].[CreatedAt], [p].[Description], [p].[EndDate], [p].[LogoUrl], [p].[Name], [p].[OwnerId], [p].[StartDate], [p].[Status], [p].[UpdatedAt]
FROM [TaskItems] AS [t]
INNER JOIN [Projects] AS [p] ON [t].[ProjectId] = [p].[Id]
WHERE [t].[Id] = @taskId
[13:32:04 INF] Executed DbCommand (3ms) [Parameters=[], CommandType='Text', CommandTimeout='30']
SELECT [t].[Id], [t].[AuthorId], [t].[Content], [t].[CreatedAt], [t].[DownvoteCount], [t].[ParentCommentId], [t].[TaskItemId], [t].[UpdatedAt], [t].[UpvoteCount]
FROM [TaskComments] AS [t]
[13:32:05 INF] Executed DbCommand (4ms) [Parameters=[@commentId='?' (DbType = Guid)], CommandType='Text', CommandTimeout='30']
SELECT TOP(1) [t].[Id], [t].[AuthorId], [t].[Content], [t].[CreatedAt], [t].[DownvoteCount], [t].[ParentCommentId], [t].[TaskItemId], [t].[UpdatedAt], [t].[UpvoteCount], [t0].[Id], [t0].[ActualHours], [t0].[AssigneeId], [t0].[ContributesToProgress], [t0].[CreatedAt], [t0].[Description], [t0].[DownvoteCount], [t0].[DueDate], [t0].[EstimatedHours], [t0].[ImportSessionId], [t0].[IsPinned], [t0].[IsPrivate], [t0].[Priority], [t0].[ProjectId], [t0].[ReporterId], [t0].[SortOrder], [t0].[StartDate], [t0].[Status], [t0].[Title], [t0].[UpdatedAt], [t0].[UpvoteCount], [p].[Id], [p].[Code], [p].[CreatedAt], [p].[Description], [p].[EndDate], [p].[LogoUrl], [p].[Name], [p].[OwnerId], [p].[StartDate], [p].[Status], [p].[UpdatedAt]
FROM [TaskComments] AS [t]
INNER JOIN [TaskItems] AS [t0] ON [t].[TaskItemId] = [t0].[Id]
INNER JOIN [Projects] AS [p] ON [t0].[ProjectId] = [p].[Id]
WHERE [t].[Id] = @commentId
[13:32:05 INF] Executed DbCommand (2ms) [Parameters=[@commentId='?' (DbType = Guid)], CommandType='Text', CommandTimeout='30']
SELECT TOP(1) [t].[Id], [t].[AuthorId], [t].[Content], [t].[CreatedAt], [t].[DownvoteCount], [t].[ParentCommentId], [t].[TaskItemId], [t].[UpdatedAt], [t].[UpvoteCount], [t0].[Id], [t0].[ActualHours], [t0].[AssigneeId], [t0].[ContributesToProgress], [t0].[CreatedAt], [t0].[Description], [t0].[DownvoteCount], [t0].[DueDate], [t0].[EstimatedHours], [t0].[ImportSessionId], [t0].[IsPinned], [t0].[IsPrivate], [t0].[Priority], [t0].[ProjectId], [t0].[ReporterId], [t0].[SortOrder], [t0].[StartDate], [t0].[Status], [t0].[Title], [t0].[UpdatedAt], [t0].[UpvoteCount], [p].[Id], [p].[Code], [p].[CreatedAt], [p].[Description], [p].[EndDate], [p].[LogoUrl], [p].[Name], [p].[OwnerId], [p].[StartDate], [p].[Status], [p].[UpdatedAt]
FROM [TaskComments] AS [t]
INNER JOIN [TaskItems] AS [t0] ON [t].[TaskItemId] = [t0].[Id]
INNER JOIN [Projects] AS [p] ON [t0].[ProjectId] = [p].[Id]
WHERE [t].[Id] = @commentId
[13:32:05 INF] Executed DbCommand (3ms) [Parameters=[], CommandType='Text', CommandTimeout='30']
SELECT [t].[Id], [t].[CommentId], [t].[ContentType], [t].[CreatedAt], [t].[FileName], [t].[FilePath], [t].[FileSize], [t].[ProjectId], [t].[Scope], [t].[TaskItemId], [t].[UpdatedAt], [t].[UploadedAt], [t].[UploadedById]
FROM [TaskAttachments] AS [t]
[13:32:05 INF] D?ng b? d? li?u AI ho…n t?t.
[13:32:05 INF] Starting Qaly Web App...
[13:32:05 INF] Vector Sync Worker is starting.
[13:32:05 INF] Email Digest Worker is starting.
[13:32:05 INF] Next email digest run scheduled for 05/18/2026 07:00:00 (in 17:27:54.7951445)
[13:32:05 WRN] The WebRootPath was not found: C:\Users\OS\Qaly_project\src\Qaly.Web\bin\Debug\net10.0\wwwroot. Static files may be unavailable.
[13:32:05 INF] Now listening on: http://localhost:5000
[13:32:05 INF] Application started. Press Ctrl+C to shut down.
[13:32:05 INF] Hosting environment: Production
[13:32:05 INF] Content root path: C:\Users\OS\Qaly_project\src\Qaly.Web\bin\Debug\net10.0
[13:32:05 INF] Executed DbCommand (5ms) [Parameters=[@p='?' (DbType = Int32)], CommandType='Text', CommandTimeout='30']
SELECT TOP(@p) [v].[Id], [v].[CreatedAt], [v].[ErrorMessage], [v].[EventType], [v].[Payload], [v].[ProcessedAt], [v].[RetryCount], [v].[UpdatedAt]
FROM [VectorSyncOutbox] AS [v]
WHERE [v].[ProcessedAt] IS NULL AND [v].[RetryCount] < 5
ORDER BY [v].[CreatedAt]
[13:32:10 INF] Executed DbCommand (2ms) [Parameters=[@p='?' (DbType = Int32)], CommandType='Text', CommandTimeout='30']
SELECT TOP(@p) [v].[Id], [v].[CreatedAt], [v].[ErrorMessage], [v].[EventType], [v].[Payload], [v].[ProcessedAt], [v].[RetryCount], [v].[UpdatedAt]
FROM [VectorSyncOutbox] AS [v]
WHERE [v].[ProcessedAt] IS NULL AND [v].[RetryCount] < 5
ORDER BY [v].[CreatedAt]
[13:32:15 INF] Executed DbCommand (2ms) [Parameters=[@p='?' (DbType = Int32)], CommandType='Text', CommandTimeout='30']
SELECT TOP(@p) [v].[Id], [v].[CreatedAt], [v].[ErrorMessage], [v].[EventType], [v].[Payload], [v].[ProcessedAt], [v].[RetryCount], [v].[UpdatedAt]
FROM [VectorSyncOutbox] AS [v]
WHERE [v].[ProcessedAt] IS NULL AND [v].[RetryCount] < 5
ORDER BY [v].[CreatedAt]
[13:32:20 INF] Executed DbCommand (2ms) [Parameters=[@p='?' (DbType = Int32)], CommandType='Text', CommandTimeout='30']
SELECT TOP(@p) [v].[Id], [v].[CreatedAt], [v].[ErrorMessage], [v].[EventType], [v].[Payload], [v].[ProcessedAt], [v].[RetryCount], [v].[UpdatedAt]
FROM [VectorSyncOutbox] AS [v]
WHERE [v].[ProcessedAt] IS NULL AND [v].[RetryCount] < 5
ORDER BY [v].[CreatedAt]
[13:32:25 INF] Executed DbCommand (2ms) [Parameters=[@p='?' (DbType = Int32)], CommandType='Text', CommandTimeout='30']
SELECT TOP(@p) [v].[Id], [v].[CreatedAt], [v].[ErrorMessage], [v].[EventType], [v].[Payload], [v].[ProcessedAt], [v].[RetryCount], [v].[UpdatedAt]
FROM [VectorSyncOutbox] AS [v]
WHERE [v].[ProcessedAt] IS NULL AND [v].[RetryCount] < 5
ORDER BY [v].[CreatedAt]
[13:32:27 WRN] Failed to determine the https port for redirect.
[13:32:27 INF] HTTP GET /Account/Login responded 200 in 192.7740 ms
[13:32:27 INF] Executed DbCommand (3ms) [Parameters=[@email='?' (Size = 256)], CommandType='Text', CommandTimeout='30']
SELECT [u].[Id], [u].[AvatarUrl], [u].[CreatedAt], [u].[Email], [u].[FullName], [u].[IsActive], [u].[PasswordHash], [u].[Role], [u].[UpdatedAt]
FROM [Users] AS [u]
WHERE [u].[Email] = @email
[13:32:27 INF] Executed DbCommand (9ms) [Parameters=[@p0='?' (Size = 50), @p1='?' (Size = 4000), @p2='?' (Size = 100), @p3='?' (Size = 100), @p4='?' (Size = 45), @p5='?' (DbType = DateTimeOffset), @p6='?' (DbType = Guid)], CommandType='Text', CommandTimeout='30']
SET IMPLICIT_TRANSACTIONS OFF;
SET NOCOUNT ON;
INSERT INTO [AuditLogs] ([Action], [ChangesJson], [EntityId], [EntityType], [IpAddress], [Timestamp], [UserId])
OUTPUT INSERTED.[Id]
VALUES (@p0, @p1, @p2, @p3, @p4, @p5, @p6);
[13:32:27 INF] HTTP POST /Account/Login responded 302 in 256.7378 ms
