[13:56:43 INF] Executed DbCommand (25ms) [Parameters=[], CommandType='Text', CommandTimeout='30']
SELECT 1
[13:56:43 INF] Executed DbCommand (25ms) [Parameters=[], CommandType='Text', CommandTimeout='30']
DECLARE @result int;
EXEC @result = sp_getapplock @Resource = '__EFMigrationsLock', @LockOwner = 'Session', @LockMode = 'Exclusive';
SELECT @result
[13:56:43 INF] Executed DbCommand (2ms) [Parameters=[], CommandType='Text', CommandTimeout='30']
IF OBJECT_ID(N'[__EFMigrationsHistory]') IS NULL
BEGIN
    CREATE TABLE [__EFMigrationsHistory] (
        [MigrationId] nvarchar(150) NOT NULL,
        [ProductVersion] nvarchar(32) NOT NULL,
        CONSTRAINT [PK___EFMigrationsHistory] PRIMARY KEY ([MigrationId])
    );
END;
[13:56:43 INF] Executed DbCommand (1ms) [Parameters=[], CommandType='Text', CommandTimeout='30']
SELECT 1
[13:56:43 INF] Executed DbCommand (1ms) [Parameters=[], CommandType='Text', CommandTimeout='30']
SELECT OBJECT_ID(N'[__EFMigrationsHistory]');
[13:56:43 INF] Executed DbCommand (2ms) [Parameters=[], CommandType='Text', CommandTimeout='30']
SELECT [MigrationId], [ProductVersion]
FROM [__EFMigrationsHistory]
ORDER BY [MigrationId];
[13:56:43 INF] Executed DbCommand (2ms) [Parameters=[], CommandType='Text', CommandTimeout='30']
DECLARE @result int;
EXEC @result = sp_releaseapplock @Resource = '__EFMigrationsLock', @LockOwner = 'Session';
SELECT @result
[13:56:43 INF] Executed DbCommand (3ms) [Parameters=[], CommandType='Text', CommandTimeout='30']
IF OBJECT_ID(N'[ImportSessions]', N'U') IS NULL
BEGIN
    CREATE TABLE [ImportSessions] (
        [Id] uniqueidentifier NOT NULL CONSTRAINT [PK_ImportSessions] PRIMARY KEY DEFAULT NEWID(),
        [ProjectId] uniqueidentifier NOT NULL,
        [UserId] uniqueidentifier NOT NULL,
        [FileName] nvarchar(256) NOT NULL,
        [TotalRows] int NOT NULL CONSTRAINT [DF_ImportSessions_TotalRows] DEFAULT 0,
        [ImportedCount] int NOT NULL CONSTRAINT [DF_ImportSessions_ImportedCount] DEFAULT 0,
        [SkippedCount] int NOT NULL CONSTRAINT [DF_ImportSessions_SkippedCount] DEFAULT 0,
        [IsUndone] bit NOT NULL CONSTRAINT [DF_ImportSessions_IsUndone] DEFAULT 0,
        [CreatedAt] datetimeoffset NOT NULL CONSTRAINT [DF_ImportSessions_CreatedAt] DEFAULT SYSDATETIMEOFFSET(),
        [UpdatedAt] datetimeoffset NULL
    );
END;

IF COL_LENGTH(N'[TaskItems]', N'ImportSessionId') IS NULL
BEGIN
    ALTER TABLE [TaskItems] ADD [ImportSessionId] uniqueidentifier NULL;
END;

IF NOT EXISTS (
    SELECT 1
    FROM sys.foreign_keys
    WHERE name = N'FK_ImportSessions_Projects_ProjectId'
)
BEGIN
    ALTER TABLE [ImportSessions]
        ADD CONSTRAINT [FK_ImportSessions_Projects_ProjectId]
        FOREIGN KEY ([ProjectId]) REFERENCES [Projects]([Id]) ON DELETE CASCADE;
END;

IF NOT EXISTS (
    SELECT 1
    FROM sys.foreign_keys
    WHERE name = N'FK_ImportSessions_Users_UserId'
)
BEGIN
    ALTER TABLE [ImportSessions]
        ADD CONSTRAINT [FK_ImportSessions_Users_UserId]
        FOREIGN KEY ([UserId]) REFERENCES [Users]([Id]) ON DELETE NO ACTION;
END;

IF NOT EXISTS (
    SELECT 1
    FROM sys.foreign_keys
    WHERE name = N'FK_TaskItems_ImportSessions_ImportSessionId'
)
BEGIN
    ALTER TABLE [TaskItems]
        ADD CONSTRAINT [FK_TaskItems_ImportSessions_ImportSessionId]
        FOREIGN KEY ([ImportSessionId]) REFERENCES [ImportSessions]([Id]) ON DELETE SET NULL;
END;

IF NOT EXISTS (
    SELECT 1
    FROM sys.indexes
    WHERE name = N'IX_ImportSessions_ProjectId'
      AND object_id = OBJECT_ID(N'[ImportSessions]')
)
BEGIN
    CREATE INDEX [IX_ImportSessions_ProjectId] ON [ImportSessions]([ProjectId]);
END;

IF NOT EXISTS (
    SELECT 1
    FROM sys.indexes
    WHERE name = N'IX_ImportSessions_UserId'
      AND object_id = OBJECT_ID(N'[ImportSessions]')
)
BEGIN
    CREATE INDEX [IX_ImportSessions_UserId] ON [ImportSessions]([UserId]);
END;

IF NOT EXISTS (
    SELECT 1
    FROM sys.indexes
    WHERE name = N'IX_TaskItems_ImportSessionId'
      AND object_id = OBJECT_ID(N'[TaskItems]')
)
BEGIN
    CREATE INDEX [IX_TaskItems_ImportSessionId] ON [TaskItems]([ImportSessionId]);
END;
[13:56:43 INF] Co s? d? li?u da migrate th…nh c“ng.
[13:56:44 INF] Executed DbCommand (2ms) [Parameters=[], CommandType='Text', CommandTimeout='30']
SELECT TOP(1) [u].[Id], [u].[AvatarUrl], [u].[CreatedAt], [u].[Email], [u].[FullName], [u].[IsActive], [u].[PasswordHash], [u].[Role], [u].[UpdatedAt]
FROM [Users] AS [u]
WHERE [u].[Email] = N'admin@qaly.dev'
[13:56:44 INF] Executed DbCommand (4ms) [Parameters=[], CommandType='Text', CommandTimeout='30']
SELECT TOP(1) [p].[Id], [p].[Code], [p].[CreatedAt], [p].[Description], [p].[EndDate], [p].[LogoUrl], [p].[Name], [p].[OwnerId], [p].[StartDate], [p].[Status], [p].[UpdatedAt]
FROM [Projects] AS [p]
WHERE [p].[Code] = N'qaly-mvp'
[13:56:44 INF] Ph t hi?n d? li?u cu, ti?n h…nh x¢a d? re-seed b?n Ti?ng Vi?t m?i...
[13:56:44 INF] Executed DbCommand (2ms) [Parameters=[], CommandType='Text', CommandTimeout='30']
SELECT [t].[Id], [t].[AuthorId], [t].[Content], [t].[CreatedAt], [t].[DownvoteCount], [t].[ParentCommentId], [t].[TaskItemId], [t].[UpdatedAt], [t].[UpvoteCount]
FROM [TaskComments] AS [t]
[13:56:44 INF] Executed DbCommand (2ms) [Parameters=[], CommandType='Text', CommandTimeout='30']
SELECT [t].[Id], [t].[ActualHours], [t].[AssigneeId], [t].[ContributesToProgress], [t].[CreatedAt], [t].[Description], [t].[DownvoteCount], [t].[DueDate], [t].[EstimatedHours], [t].[ImportSessionId], [t].[IsPinned], [t].[IsPrivate], [t].[Priority], [t].[ProjectId], [t].[ReporterId], [t].[SortOrder], [t].[StartDate], [t].[Status], [t].[Title], [t].[UpdatedAt], [t].[UpvoteCount]
FROM [TaskItems] AS [t]
[13:56:44 INF] Executed DbCommand (3ms) [Parameters=[], CommandType='Text', CommandTimeout='30']
SELECT [p].[Id], [p].[CreatedAt], [p].[JoinedAt], [p].[ProjectId], [p].[Role], [p].[UpdatedAt], [p].[UserId]
FROM [ProjectMembers] AS [p]
[13:56:44 INF] Executed DbCommand (2ms) [Parameters=[], CommandType='Text', CommandTimeout='30']
SELECT [p].[Id], [p].[Code], [p].[CreatedAt], [p].[Description], [p].[EndDate], [p].[LogoUrl], [p].[Name], [p].[OwnerId], [p].[StartDate], [p].[Status], [p].[UpdatedAt]
FROM [Projects] AS [p]
[13:56:44 INF] Executed DbCommand (3ms) [Parameters=[], CommandType='Text', CommandTimeout='30']
SELECT [u].[Id], [u].[AvatarUrl], [u].[CreatedAt], [u].[Email], [u].[FullName], [u].[IsActive], [u].[PasswordHash], [u].[Role], [u].[UpdatedAt]
FROM [Users] AS [u]
[13:56:44 INF] Executed DbCommand (165ms) [Parameters=[@p0='?' (DbType = Guid), @p1='?' (DbType = Guid), @p2='?' (DbType = Guid), @p3='?' (DbType = Guid), @p4='?' (DbType = Guid), @p5='?' (DbType = Guid), @p6='?' (DbType = Guid), @p7='?' (DbType = Guid), @p8='?' (DbType = Guid), @p9='?' (DbType = Guid), @p10='?' (DbType = Guid), @p11='?' (DbType = Guid), @p12='?' (DbType = Guid), @p13='?' (DbType = Guid), @p14='?' (DbType = Guid), @p15='?' (DbType = Guid), @p16='?' (DbType = Guid), @p17='?' (DbType = Guid), @p18='?' (DbType = Guid), @p19='?' (DbType = Guid), @p20='?' (DbType = Guid), @p21='?' (DbType = Guid), @p22='?' (DbType = Guid), @p23='?' (DbType = Guid), @p24='?' (DbType = Guid), @p25='?' (DbType = Guid), @p26='?' (DbType = Guid), @p27='?' (DbType = Guid), @p28='?' (DbType = Guid), @p29='?' (DbType = DateTimeOffset), @p30='?' (Size = 4000), @p31='?' (Size = 4000), @p32='?' (Size = 4000), @p33='?' (DbType = DateTimeOffset), @p34='?' (DbType = Int32), @p35='?' (DbType = DateTimeOffset), @p36='?' (DbType = Guid), @p37='?' (DbType = DateTimeOffset), @p38='?' (Size = 4000), @p39='?' (Size = 4000), @p40='?' (Size = 4000), @p41='?' (DbType = DateTimeOffset), @p42='?' (DbType = Int32), @p43='?' (DbType = DateTimeOffset), @p44='?' (DbType = Guid), @p45='?' (DbType = DateTimeOffset), @p46='?' (Size = 4000), @p47='?' (Size = 4000), @p48='?' (Size = 4000), @p49='?' (DbType = DateTimeOffset), @p50='?' (DbType = Int32), @p51='?' (DbType = DateTimeOffset), @p52='?' (DbType = Guid), @p53='?' (DbType = DateTimeOffset), @p54='?' (Size = 4000), @p55='?' (Size = 4000), @p56='?' (Size = 4000), @p57='?' (DbType = DateTimeOffset), @p58='?' (DbType = Int32), @p59='?' (DbType = DateTimeOffset), @p60='?' (DbType = Guid), @p61='?' (DbType = DateTimeOffset), @p62='?' (Size = 4000), @p63='?' (Size = 4000), @p64='?' (Size = 4000), @p65='?' (DbType = DateTimeOffset), @p66='?' (DbType = Int32), @p67='?' (DbType = DateTimeOffset), @p68='?' (DbType = Guid), @p69='?' (DbType = DateTimeOffset), @p70='?' (Size = 4000), @p71='?' (Size = 4000), @p72='?' (Size = 4000), @p73='?' (DbType = DateTimeOffset), @p74='?' (DbType = Int32), @p75='?' (DbType = DateTimeOffset), @p76='?' (DbType = Guid), @p77='?' (DbType = DateTimeOffset), @p78='?' (Size = 4000), @p79='?' (Size = 4000), @p80='?' (Size = 4000), @p81='?' (DbType = DateTimeOffset), @p82='?' (DbType = Int32), @p83='?' (DbType = DateTimeOffset), @p84='?' (DbType = Guid), @p85='?' (DbType = DateTimeOffset), @p86='?' (Size = 4000), @p87='?' (Size = 4000), @p88='?' (Size = 4000), @p89='?' (DbType = DateTimeOffset), @p90='?' (DbType = Int32), @p91='?' (DbType = DateTimeOffset), @p92='?' (DbType = Guid), @p93='?' (DbType = DateTimeOffset), @p94='?' (Size = 4000), @p95='?' (Size = 4000), @p96='?' (Size = 4000), @p97='?' (DbType = DateTimeOffset), @p98='?' (DbType = Int32), @p99='?' (DbType = DateTimeOffset), @p100='?' (DbType = Guid), @p101='?' (DbType = DateTimeOffset), @p102='?' (Size = 4000), @p103='?' (Size = 4000), @p104='?' (Size = 4000), @p105='?' (DbType = DateTimeOffset), @p106='?' (DbType = Int32), @p107='?' (DbType = DateTimeOffset), @p108='?' (DbType = Guid), @p109='?' (DbType = DateTimeOffset), @p110='?' (Size = 4000), @p111='?' (Size = 4000), @p112='?' (Size = 4000), @p113='?' (DbType = DateTimeOffset), @p114='?' (DbType = Int32), @p115='?' (DbType = DateTimeOffset), @p116='?' (DbType = Guid), @p117='?' (DbType = DateTimeOffset), @p118='?' (Size = 4000), @p119='?' (Size = 4000), @p120='?' (Size = 4000), @p121='?' (DbType = DateTimeOffset), @p122='?' (DbType = Int32), @p123='?' (DbType = DateTimeOffset), @p124='?' (DbType = Guid), @p125='?' (DbType = DateTimeOffset), @p126='?' (Size = 4000), @p127='?' (Size = 4000), @p128='?' (Size = 4000), @p129='?' (DbType = DateTimeOffset), @p130='?' (DbType = Int32), @p131='?' (DbType = DateTimeOffset), @p132='?' (DbType = Guid), @p133='?' (DbType = DateTimeOffset), @p134='?' (Size = 4000), @p135='?' (Size = 4000), @p136='?' (Size = 4000), @p137='?' (DbType = DateTimeOffset), @p138='?' (DbType = Int32), @p139='?' (DbType = DateTimeOffset)], CommandType='Text', CommandTimeout='30']
SET NOCOUNT ON;
DELETE FROM [ProjectMembers]
OUTPUT 1
WHERE [Id] = @p0;
DELETE FROM [ProjectMembers]
OUTPUT 1
WHERE [Id] = @p1;
DELETE FROM [ProjectMembers]
OUTPUT 1
WHERE [Id] = @p2;
DELETE FROM [ProjectMembers]
OUTPUT 1
WHERE [Id] = @p3;
DELETE FROM [ProjectMembers]
OUTPUT 1
WHERE [Id] = @p4;
DELETE FROM [ProjectMembers]
OUTPUT 1
WHERE [Id] = @p5;
DELETE FROM [ProjectMembers]
OUTPUT 1
WHERE [Id] = @p6;
DELETE FROM [ProjectMembers]
OUTPUT 1
WHERE [Id] = @p7;
DELETE FROM [ProjectMembers]
OUTPUT 1
WHERE [Id] = @p8;
DELETE FROM [ProjectMembers]
OUTPUT 1
WHERE [Id] = @p9;
DELETE FROM [ProjectMembers]
OUTPUT 1
WHERE [Id] = @p10;
DELETE FROM [ProjectMembers]
OUTPUT 1
WHERE [Id] = @p11;
DELETE FROM [ProjectMembers]
OUTPUT 1
WHERE [Id] = @p12;
DELETE FROM [Projects]
OUTPUT 1
WHERE [Id] = @p13;
DELETE FROM [TaskComments]
OUTPUT 1
WHERE [Id] = @p14;
DELETE FROM [TaskComments]
OUTPUT 1
WHERE [Id] = @p15;
DELETE FROM [TaskItems]
OUTPUT 1
WHERE [Id] = @p16;
DELETE FROM [TaskItems]
OUTPUT 1
WHERE [Id] = @p17;
DELETE FROM [TaskItems]
OUTPUT 1
WHERE [Id] = @p18;
DELETE FROM [TaskItems]
OUTPUT 1
WHERE [Id] = @p19;
DELETE FROM [TaskItems]
OUTPUT 1
WHERE [Id] = @p20;
DELETE FROM [TaskItems]
OUTPUT 1
WHERE [Id] = @p21;
DELETE FROM [TaskItems]
OUTPUT 1
WHERE [Id] = @p22;
DELETE FROM [TaskItems]
OUTPUT 1
WHERE [Id] = @p23;
DELETE FROM [TaskItems]
OUTPUT 1
WHERE [Id] = @p24;
DELETE FROM [TaskItems]
OUTPUT 1
WHERE [Id] = @p25;
DELETE FROM [TaskItems]
OUTPUT 1
WHERE [Id] = @p26;
DELETE FROM [Users]
OUTPUT 1
WHERE [Id] = @p27;
INSERT INTO [VectorSyncOutbox] ([Id], [CreatedAt], [ErrorMessage], [EventType], [Payload], [ProcessedAt], [RetryCount], [UpdatedAt])
VALUES (@p28, @p29, @p30, @p31, @p32, @p33, @p34, @p35),
(@p36, @p37, @p38, @p39, @p40, @p41, @p42, @p43),
(@p44, @p45, @p46, @p47, @p48, @p49, @p50, @p51),
(@p52, @p53, @p54, @p55, @p56, @p57, @p58, @p59),
(@p60, @p61, @p62, @p63, @p64, @p65, @p66, @p67),
(@p68, @p69, @p70, @p71, @p72, @p73, @p74, @p75),
(@p76, @p77, @p78, @p79, @p80, @p81, @p82, @p83),
(@p84, @p85, @p86, @p87, @p88, @p89, @p90, @p91),
(@p92, @p93, @p94, @p95, @p96, @p97, @p98, @p99),
(@p100, @p101, @p102, @p103, @p104, @p105, @p106, @p107),
(@p108, @p109, @p110, @p111, @p112, @p113, @p114, @p115),
(@p116, @p117, @p118, @p119, @p120, @p121, @p122, @p123),
(@p124, @p125, @p126, @p127, @p128, @p129, @p130, @p131),
(@p132, @p133, @p134, @p135, @p136, @p137, @p138, @p139);
[13:56:44 INF] Executed DbCommand (137ms) [Parameters=[@p0='?' (DbType = Guid), @p1='?' (DbType = DateTimeOffset), @p2='?' (Size = 4000), @p3='?' (Size = 4000), @p4='?' (Size = 4000), @p5='?' (DbType = DateTimeOffset), @p6='?' (DbType = Int32), @p7='?' (DbType = DateTimeOffset), @p8='?' (DbType = Guid), @p9='?' (DbType = DateTimeOffset), @p10='?' (Size = 4000), @p11='?' (Size = 4000), @p12='?' (Size = 4000), @p13='?' (DbType = DateTimeOffset), @p14='?' (DbType = Int32), @p15='?' (DbType = DateTimeOffset), @p16='?' (DbType = Guid), @p17='?' (DbType = DateTimeOffset), @p18='?' (Size = 4000), @p19='?' (Size = 4000), @p20='?' (Size = 4000), @p21='?' (DbType = DateTimeOffset), @p22='?' (DbType = Int32), @p23='?' (DbType = DateTimeOffset), @p24='?' (DbType = Guid), @p25='?' (DbType = DateTimeOffset), @p26='?' (Size = 4000), @p27='?' (Size = 4000), @p28='?' (Size = 4000), @p29='?' (DbType = DateTimeOffset), @p30='?' (DbType = Int32), @p31='?' (DbType = DateTimeOffset), @p32='?' (DbType = Guid), @p33='?' (DbType = Guid), @p34='?' (DbType = Guid), @p35='?' (DbType = Guid), @p36='?' (DbType = Guid), @p37='?' (DbType = Guid), @p38='?' (DbType = Guid), @p39='?' (DbType = Guid), @p40='?' (DbType = Guid), @p41='?' (DbType = Guid), @p42='?' (DbType = Guid), @p43='?' (DbType = Guid), @p44='?' (DbType = Guid)], CommandType='Text', CommandTimeout='30']
SET NOCOUNT ON;
INSERT INTO [VectorSyncOutbox] ([Id], [CreatedAt], [ErrorMessage], [EventType], [Payload], [ProcessedAt], [RetryCount], [UpdatedAt])
VALUES (@p0, @p1, @p2, @p3, @p4, @p5, @p6, @p7),
(@p8, @p9, @p10, @p11, @p12, @p13, @p14, @p15),
(@p16, @p17, @p18, @p19, @p20, @p21, @p22, @p23),
(@p24, @p25, @p26, @p27, @p28, @p29, @p30, @p31);
DELETE FROM [Projects]
OUTPUT 1
WHERE [Id] = @p32;
DELETE FROM [Projects]
OUTPUT 1
WHERE [Id] = @p33;
DELETE FROM [TaskItems]
OUTPUT 1
WHERE [Id] = @p34;
DELETE FROM [Users]
OUTPUT 1
WHERE [Id] = @p35;
DELETE FROM [Users]
OUTPUT 1
WHERE [Id] = @p36;
DELETE FROM [Users]
OUTPUT 1
WHERE [Id] = @p37;
DELETE FROM [Users]
OUTPUT 1
WHERE [Id] = @p38;
DELETE FROM [Users]
OUTPUT 1
WHERE [Id] = @p39;
DELETE FROM [Users]
OUTPUT 1
WHERE [Id] = @p40;
DELETE FROM [Users]
OUTPUT 1
WHERE [Id] = @p41;
DELETE FROM [Projects]
OUTPUT 1
WHERE [Id] = @p42;
DELETE FROM [Users]
OUTPUT 1
WHERE [Id] = @p43;
DELETE FROM [Users]
OUTPUT 1
WHERE [Id] = @p44;
[13:56:45 INF] Executed DbCommand (2ms) [Parameters=[], CommandType='Text', CommandTimeout='30']
SELECT CASE
    WHEN EXISTS (
        SELECT 1
        FROM [Users] AS [u]) THEN CAST(1 AS bit)
    ELSE CAST(0 AS bit)
END
[13:56:45 INF] Executed DbCommand (7ms) [Parameters=[@p0='?' (DbType = Guid), @p1='?' (Size = 4000), @p2='?' (DbType = DateTimeOffset), @p3='?' (Size = 256), @p4='?' (Size = 100), @p5='?' (Size = 4000), @p6='?' (Size = 50), @p7='?' (DbType = DateTimeOffset), @p8='?' (DbType = Guid), @p9='?' (Size = 4000), @p10='?' (DbType = DateTimeOffset), @p11='?' (Size = 256), @p12='?' (Size = 100), @p13='?' (Size = 4000), @p14='?' (Size = 50), @p15='?' (DbType = DateTimeOffset), @p16='?' (DbType = Guid), @p17='?' (Size = 4000), @p18='?' (DbType = DateTimeOffset), @p19='?' (Size = 256), @p20='?' (Size = 100), @p21='?' (Size = 4000), @p22='?' (Size = 50), @p23='?' (DbType = DateTimeOffset), @p24='?' (DbType = Guid), @p25='?' (Size = 4000), @p26='?' (DbType = DateTimeOffset), @p27='?' (Size = 256), @p28='?' (Size = 100), @p29='?' (Size = 4000), @p30='?' (Size = 50), @p31='?' (DbType = DateTimeOffset), @p32='?' (DbType = Guid), @p33='?' (Size = 4000), @p34='?' (DbType = DateTimeOffset), @p35='?' (Size = 256), @p36='?' (Size = 100), @p37='?' (Size = 4000), @p38='?' (Size = 50), @p39='?' (DbType = DateTimeOffset), @p40='?' (DbType = Guid), @p41='?' (Size = 4000), @p42='?' (DbType = DateTimeOffset), @p43='?' (Size = 256), @p44='?' (Size = 100), @p45='?' (Size = 4000), @p46='?' (Size = 50), @p47='?' (DbType = DateTimeOffset), @p48='?' (DbType = Guid), @p49='?' (Size = 4000), @p50='?' (DbType = DateTimeOffset), @p51='?' (Size = 256), @p52='?' (Size = 100), @p53='?' (Size = 4000), @p54='?' (Size = 50), @p55='?' (DbType = DateTimeOffset), @p56='?' (DbType = Guid), @p57='?' (Size = 4000), @p58='?' (DbType = DateTimeOffset), @p59='?' (Size = 256), @p60='?' (Size = 100), @p61='?' (Size = 4000), @p62='?' (Size = 50), @p63='?' (DbType = DateTimeOffset), @p64='?' (DbType = Guid), @p65='?' (Size = 4000), @p66='?' (DbType = DateTimeOffset), @p67='?' (Size = 256), @p68='?' (Size = 100), @p69='?' (Size = 4000), @p70='?' (Size = 50), @p71='?' (DbType = DateTimeOffset), @p72='?' (DbType = Guid), @p73='?' (Size = 4000), @p74='?' (DbType = DateTimeOffset), @p75='?' (Size = 256), @p76='?' (Size = 100), @p77='?' (Size = 4000), @p78='?' (Size = 50), @p79='?' (DbType = DateTimeOffset)], CommandType='Text', CommandTimeout='30']
SET IMPLICIT_TRANSACTIONS OFF;
SET NOCOUNT ON;
MERGE [Users] USING (
VALUES (@p0, @p1, @p2, @p3, @p4, @p5, @p6, @p7, 0),
(@p8, @p9, @p10, @p11, @p12, @p13, @p14, @p15, 1),
(@p16, @p17, @p18, @p19, @p20, @p21, @p22, @p23, 2),
(@p24, @p25, @p26, @p27, @p28, @p29, @p30, @p31, 3),
(@p32, @p33, @p34, @p35, @p36, @p37, @p38, @p39, 4),
(@p40, @p41, @p42, @p43, @p44, @p45, @p46, @p47, 5),
(@p48, @p49, @p50, @p51, @p52, @p53, @p54, @p55, 6),
(@p56, @p57, @p58, @p59, @p60, @p61, @p62, @p63, 7),
(@p64, @p65, @p66, @p67, @p68, @p69, @p70, @p71, 8),
(@p72, @p73, @p74, @p75, @p76, @p77, @p78, @p79, 9)) AS i ([Id], [AvatarUrl], [CreatedAt], [Email], [FullName], [PasswordHash], [Role], [UpdatedAt], _Position) ON 1=0
WHEN NOT MATCHED THEN
INSERT ([Id], [AvatarUrl], [CreatedAt], [Email], [FullName], [PasswordHash], [Role], [UpdatedAt])
VALUES (i.[Id], i.[AvatarUrl], i.[CreatedAt], i.[Email], i.[FullName], i.[PasswordHash], i.[Role], i.[UpdatedAt])
OUTPUT INSERTED.[IsActive], i._Position;
[13:56:45 INF] Da seed 10 ngu?i d—ng.
[13:56:45 INF] Executed DbCommand (2ms) [Parameters=[], CommandType='Text', CommandTimeout='30']
SELECT TOP(1) [u].[Id], [u].[AvatarUrl], [u].[CreatedAt], [u].[Email], [u].[FullName], [u].[IsActive], [u].[PasswordHash], [u].[Role], [u].[UpdatedAt]
FROM [Users] AS [u]
WHERE [u].[Role] = N'Admin'
[13:56:45 INF] Executed DbCommand (2ms) [Parameters=[], CommandType='Text', CommandTimeout='30']
SELECT [u].[Id], [u].[AvatarUrl], [u].[CreatedAt], [u].[Email], [u].[FullName], [u].[IsActive], [u].[PasswordHash], [u].[Role], [u].[UpdatedAt]
FROM [Users] AS [u]
[13:56:45 INF] Executed DbCommand (4ms) [Parameters=[@p0='?' (DbType = Guid), @p1='?' (Size = 80), @p2='?' (DbType = DateTimeOffset), @p3='?' (Size = 4000), @p4='?' (DbType = DateTimeOffset), @p5='?' (Size = 1000), @p6='?' (Size = 200), @p7='?' (DbType = Guid), @p8='?' (DbType = DateTimeOffset), @p9='?' (Size = 20), @p10='?' (DbType = DateTimeOffset), @p11='?' (DbType = Guid), @p12='?' (Size = 80), @p13='?' (DbType = DateTimeOffset), @p14='?' (Size = 4000), @p15='?' (DbType = DateTimeOffset), @p16='?' (Size = 1000), @p17='?' (Size = 200), @p18='?' (DbType = Guid), @p19='?' (DbType = DateTimeOffset), @p20='?' (Size = 20), @p21='?' (DbType = DateTimeOffset), @p22='?' (DbType = Guid), @p23='?' (Size = 80), @p24='?' (DbType = DateTimeOffset), @p25='?' (Size = 4000), @p26='?' (DbType = DateTimeOffset), @p27='?' (Size = 1000), @p28='?' (Size = 200), @p29='?' (DbType = Guid), @p30='?' (DbType = DateTimeOffset), @p31='?' (Size = 20), @p32='?' (DbType = DateTimeOffset), @p33='?' (DbType = Guid), @p34='?' (Size = 80), @p35='?' (DbType = DateTimeOffset), @p36='?' (Size = 4000), @p37='?' (DbType = DateTimeOffset), @p38='?' (Size = 1000), @p39='?' (Size = 200), @p40='?' (DbType = Guid), @p41='?' (DbType = DateTimeOffset), @p42='?' (Size = 20), @p43='?' (DbType = DateTimeOffset), @p44='?' (DbType = Guid), @p45='?' (DbType = DateTimeOffset), @p46='?' (Size = 4000), @p47='?' (Size = 4000), @p48='?' (Size = 4000), @p49='?' (DbType = DateTimeOffset), @p50='?' (DbType = Int32), @p51='?' (DbType = DateTimeOffset), @p52='?' (DbType = Guid), @p53='?' (DbType = DateTimeOffset), @p54='?' (Size = 4000), @p55='?' (Size = 4000), @p56='?' (Size = 4000), @p57='?' (DbType = DateTimeOffset), @p58='?' (DbType = Int32), @p59='?' (DbType = DateTimeOffset), @p60='?' (DbType = Guid), @p61='?' (DbType = DateTimeOffset), @p62='?' (Size = 4000), @p63='?' (Size = 4000), @p64='?' (Size = 4000), @p65='?' (DbType = DateTimeOffset), @p66='?' (DbType = Int32), @p67='?' (DbType = DateTimeOffset), @p68='?' (DbType = Guid), @p69='?' (DbType = DateTimeOffset), @p70='?' (Size = 4000), @p71='?' (Size = 4000), @p72='?' (Size = 4000), @p73='?' (DbType = DateTimeOffset), @p74='?' (DbType = Int32), @p75='?' (DbType = DateTimeOffset)], CommandType='Text', CommandTimeout='30']
SET NOCOUNT ON;
INSERT INTO [Projects] ([Id], [Code], [CreatedAt], [Description], [EndDate], [LogoUrl], [Name], [OwnerId], [StartDate], [Status], [UpdatedAt])
VALUES (@p0, @p1, @p2, @p3, @p4, @p5, @p6, @p7, @p8, @p9, @p10),
(@p11, @p12, @p13, @p14, @p15, @p16, @p17, @p18, @p19, @p20, @p21),
(@p22, @p23, @p24, @p25, @p26, @p27, @p28, @p29, @p30, @p31, @p32),
(@p33, @p34, @p35, @p36, @p37, @p38, @p39, @p40, @p41, @p42, @p43);
INSERT INTO [VectorSyncOutbox] ([Id], [CreatedAt], [ErrorMessage], [EventType], [Payload], [ProcessedAt], [RetryCount], [UpdatedAt])
VALUES (@p44, @p45, @p46, @p47, @p48, @p49, @p50, @p51),
(@p52, @p53, @p54, @p55, @p56, @p57, @p58, @p59),
(@p60, @p61, @p62, @p63, @p64, @p65, @p66, @p67),
(@p68, @p69, @p70, @p71, @p72, @p73, @p74, @p75);
[13:56:45 INF] Executed DbCommand (12ms) [Parameters=[@p0='?' (DbType = Guid), @p1='?' (DbType = DateTimeOffset), @p2='?' (DbType = DateTimeOffset), @p3='?' (DbType = Guid), @p4='?' (Size = 20), @p5='?' (DbType = DateTimeOffset), @p6='?' (DbType = Guid), @p7='?' (DbType = Guid), @p8='?' (DbType = DateTimeOffset), @p9='?' (DbType = DateTimeOffset), @p10='?' (DbType = Guid), @p11='?' (Size = 20), @p12='?' (DbType = DateTimeOffset), @p13='?' (DbType = Guid), @p14='?' (DbType = Guid), @p15='?' (DbType = DateTimeOffset), @p16='?' (DbType = DateTimeOffset), @p17='?' (DbType = Guid), @p18='?' (Size = 20), @p19='?' (DbType = DateTimeOffset), @p20='?' (DbType = Guid), @p21='?' (DbType = Guid), @p22='?' (DbType = DateTimeOffset), @p23='?' (DbType = DateTimeOffset), @p24='?' (DbType = Guid), @p25='?' (Size = 20), @p26='?' (DbType = DateTimeOffset), @p27='?' (DbType = Guid), @p28='?' (DbType = Guid), @p29='?' (DbType = DateTimeOffset), @p30='?' (DbType = DateTimeOffset), @p31='?' (DbType = Guid), @p32='?' (Size = 20), @p33='?' (DbType = DateTimeOffset), @p34='?' (DbType = Guid), @p35='?' (DbType = Guid), @p36='?' (DbType = DateTimeOffset), @p37='?' (DbType = DateTimeOffset), @p38='?' (DbType = Guid), @p39='?' (Size = 20), @p40='?' (DbType = DateTimeOffset), @p41='?' (DbType = Guid), @p42='?' (DbType = Guid), @p43='?' (DbType = DateTimeOffset), @p44='?' (DbType = DateTimeOffset), @p45='?' (DbType = Guid), @p46='?' (Size = 20), @p47='?' (DbType = DateTimeOffset), @p48='?' (DbType = Guid), @p49='?' (DbType = Guid), @p50='?' (DbType = DateTimeOffset), @p51='?' (DbType = DateTimeOffset), @p52='?' (DbType = Guid), @p53='?' (Size = 20), @p54='?' (DbType = DateTimeOffset), @p55='?' (DbType = Guid), @p56='?' (DbType = Guid), @p57='?' (DbType = DateTimeOffset), @p58='?' (DbType = DateTimeOffset), @p59='?' (DbType = Guid), @p60='?' (Size = 20), @p61='?' (DbType = DateTimeOffset), @p62='?' (DbType = Guid), @p63='?' (DbType = Guid), @p64='?' (DbType = DateTimeOffset), @p65='?' (DbType = DateTimeOffset), @p66='?' (DbType = Guid), @p67='?' (Size = 20), @p68='?' (DbType = DateTimeOffset), @p69='?' (DbType = Guid), @p70='?' (DbType = Guid), @p71='?' (DbType = DateTimeOffset), @p72='?' (DbType = DateTimeOffset), @p73='?' (DbType = Guid), @p74='?' (Size = 20), @p75='?' (DbType = DateTimeOffset), @p76='?' (DbType = Guid), @p77='?' (DbType = Guid), @p78='?' (DbType = DateTimeOffset), @p79='?' (DbType = DateTimeOffset), @p80='?' (DbType = Guid), @p81='?' (Size = 20), @p82='?' (DbType = DateTimeOffset), @p83='?' (DbType = Guid), @p84='?' (DbType = Guid), @p85='?' (DbType = DateTimeOffset), @p86='?' (DbType = DateTimeOffset), @p87='?' (DbType = Guid), @p88='?' (Size = 20), @p89='?' (DbType = DateTimeOffset), @p90='?' (DbType = Guid), @p91='?' (DbType = Guid), @p92='?' (DbType = Int32), @p93='?' (DbType = Guid), @p94='?' (DbType = DateTimeOffset), @p95='?' (Size = 4000), @p96='?' (DbType = DateTimeOffset), @p97='?' (DbType = Int32), @p98='?' (DbType = Guid), @p99='?' (Size = 20), @p100='?' (DbType = Guid), @p101='?' (DbType = Guid), @p102='?' (DbType = Int32), @p103='?' (DbType = DateTimeOffset), @p104='?' (Size = 20), @p105='?' (Size = 300), @p106='?' (DbType = DateTimeOffset), @p107='?' (DbType = Guid), @p108='?' (DbType = Int32), @p109='?' (DbType = Guid), @p110='?' (DbType = DateTimeOffset), @p111='?' (Size = 4000), @p112='?' (DbType = DateTimeOffset), @p113='?' (DbType = Int32), @p114='?' (DbType = Guid), @p115='?' (Size = 20), @p116='?' (DbType = Guid), @p117='?' (DbType = Guid), @p118='?' (DbType = Int32), @p119='?' (DbType = DateTimeOffset), @p120='?' (Size = 20), @p121='?' (Size = 300), @p122='?' (DbType = DateTimeOffset), @p123='?' (DbType = Guid), @p124='?' (DbType = Int32), @p125='?' (DbType = Guid), @p126='?' (DbType = DateTimeOffset), @p127='?' (Size = 4000), @p128='?' (DbType = DateTimeOffset), @p129='?' (DbType = Int32), @p130='?' (DbType = Guid), @p131='?' (Size = 20), @p132='?' (DbType = Guid), @p133='?' (DbType = Guid), @p134='?' (DbType = Int32), @p135='?' (DbType = DateTimeOffset), @p136='?' (Size = 20), @p137='?' (Size = 300), @p138='?' (DbType = DateTimeOffset), @p139='?' (DbType = Guid), @p140='?' (DbType = Int32), @p141='?' (DbType = Guid), @p142='?' (DbType = DateTimeOffset), @p143='?' (Size = 4000), @p144='?' (DbType = DateTimeOffset), @p145='?' (DbType = Int32), @p146='?' (DbType = Guid), @p147='?' (Size = 20), @p148='?' (DbType = Guid), @p149='?' (DbType = Guid), @p150='?' (DbType = Int32), @p151='?' (DbType = DateTimeOffset), @p152='?' (Size = 20), @p153='?' (Size = 300), @p154='?' (DbType = DateTimeOffset), @p155='?' (DbType = Guid), @p156='?' (DbType = Int32), @p157='?' (DbType = Guid), @p158='?' (DbType = DateTimeOffset), @p159='?' (Size = 4000), @p160='?' (DbType = DateTimeOffset), @p161='?' (DbType = Int32), @p162='?' (DbType = Guid), @p163='?' (Size = 20), @p164='?' (DbType = Guid), @p165='?' (DbType = Guid), @p166='?' (DbType = Int32), @p167='?' (DbType = DateTimeOffset), @p168='?' (Size = 20), @p169='?' (Size = 300), @p170='?' (DbType = DateTimeOffset), @p171='?' (DbType = Guid), @p172='?' (DbType = Int32), @p173='?' (DbType = Guid), @p174='?' (DbType = DateTimeOffset), @p175='?' (Size = 4000), @p176='?' (DbType = DateTimeOffset), @p177='?' (DbType = Int32), @p178='?' (DbType = Guid), @p179='?' (Size = 20), @p180='?' (DbType = Guid), @p181='?' (DbType = Guid), @p182='?' (DbType = Int32), @p183='?' (DbType = DateTimeOffset), @p184='?' (Size = 20), @p185='?' (Size = 300), @p186='?' (DbType = DateTimeOffset), @p187='?' (DbType = Guid), @p188='?' (DbType = Int32), @p189='?' (DbType = Guid), @p190='?' (DbType = DateTimeOffset), @p191='?' (Size = 4000), @p192='?' (DbType = DateTimeOffset), @p193='?' (DbType = Int32), @p194='?' (DbType = Guid), @p195='?' (Size = 20), @p196='?' (DbType = Guid), @p197='?' (DbType = Guid), @p198='?' (DbType = Int32), @p199='?' (DbType = DateTimeOffset), @p200='?' (Size = 20), @p201='?' (Size = 300), @p202='?' (DbType = DateTimeOffset), @p203='?' (DbType = Guid), @p204='?' (DbType = Int32), @p205='?' (DbType = Guid), @p206='?' (DbType = DateTimeOffset), @p207='?' (Size = 4000), @p208='?' (DbType = DateTimeOffset), @p209='?' (DbType = Int32), @p210='?' (DbType = Guid), @p211='?' (Size = 20), @p212='?' (DbType = Guid), @p213='?' (DbType = Guid), @p214='?' (DbType = Int32), @p215='?' (DbType = DateTimeOffset), @p216='?' (Size = 20), @p217='?' (Size = 300), @p218='?' (DbType = DateTimeOffset), @p219='?' (DbType = Guid), @p220='?' (DbType = DateTimeOffset), @p221='?' (Size = 4000), @p222='?' (Size = 4000), @p223='?' (Size = 4000), @p224='?' (DbType = DateTimeOffset), @p225='?' (DbType = Int32), @p226='?' (DbType = DateTimeOffset), @p227='?' (DbType = Guid), @p228='?' (DbType = DateTimeOffset), @p229='?' (Size = 4000), @p230='?' (Size = 4000), @p231='?' (Size = 4000), @p232='?' (DbType = DateTimeOffset), @p233='?' (DbType = Int32), @p234='?' (DbType = DateTimeOffset), @p235='?' (DbType = Guid), @p236='?' (DbType = DateTimeOffset), @p237='?' (Size = 4000), @p238='?' (Size = 4000), @p239='?' (Size = 4000), @p240='?' (DbType = DateTimeOffset), @p241='?' (DbType = Int32), @p242='?' (DbType = DateTimeOffset), @p243='?' (DbType = Guid), @p244='?' (DbType = DateTimeOffset), @p245='?' (Size = 4000), @p246='?' (Size = 4000), @p247='?' (Size = 4000), @p248='?' (DbType = DateTimeOffset), @p249='?' (DbType = Int32), @p250='?' (DbType = DateTimeOffset), @p251='?' (DbType = Guid), @p252='?' (DbType = DateTimeOffset), @p253='?' (Size = 4000), @p254='?' (Size = 4000), @p255='?' (Size = 4000), @p256='?' (DbType = DateTimeOffset), @p257='?' (DbType = Int32), @p258='?' (DbType = DateTimeOffset), @p259='?' (DbType = Guid), @p260='?' (DbType = DateTimeOffset), @p261='?' (Size = 4000), @p262='?' (Size = 4000), @p263='?' (Size = 4000), @p264='?' (DbType = DateTimeOffset), @p265='?' (DbType = Int32), @p266='?' (DbType = DateTimeOffset), @p267='?' (DbType = Guid), @p268='?' (DbType = DateTimeOffset), @p269='?' (Size = 4000), @p270='?' (Size = 4000), @p271='?' (Size = 4000), @p272='?' (DbType = DateTimeOffset), @p273='?' (DbType = Int32), @p274='?' (DbType = DateTimeOffset), @p275='?' (DbType = Guid), @p276='?' (DbType = DateTimeOffset), @p277='?' (Size = 4000), @p278='?' (Size = 4000), @p279='?' (Size = 4000), @p280='?' (DbType = DateTimeOffset), @p281='?' (DbType = Int32), @p282='?' (DbType = DateTimeOffset)], CommandType='Text', CommandTimeout='30']
SET NOCOUNT ON;
INSERT INTO [ProjectMembers] ([Id], [CreatedAt], [JoinedAt], [ProjectId], [Role], [UpdatedAt], [UserId])
VALUES (@p0, @p1, @p2, @p3, @p4, @p5, @p6),
(@p7, @p8, @p9, @p10, @p11, @p12, @p13),
(@p14, @p15, @p16, @p17, @p18, @p19, @p20),
(@p21, @p22, @p23, @p24, @p25, @p26, @p27),
(@p28, @p29, @p30, @p31, @p32, @p33, @p34),
(@p35, @p36, @p37, @p38, @p39, @p40, @p41),
(@p42, @p43, @p44, @p45, @p46, @p47, @p48),
(@p49, @p50, @p51, @p52, @p53, @p54, @p55),
(@p56, @p57, @p58, @p59, @p60, @p61, @p62),
(@p63, @p64, @p65, @p66, @p67, @p68, @p69),
(@p70, @p71, @p72, @p73, @p74, @p75, @p76),
(@p77, @p78, @p79, @p80, @p81, @p82, @p83),
(@p84, @p85, @p86, @p87, @p88, @p89, @p90);
MERGE [TaskItems] USING (
VALUES (@p91, @p92, @p93, @p94, @p95, @p96, @p97, @p98, @p99, @p100, @p101, @p102, @p103, @p104, @p105, @p106, 0),
(@p107, @p108, @p109, @p110, @p111, @p112, @p113, @p114, @p115, @p116, @p117, @p118, @p119, @p120, @p121, @p122, 1),
(@p123, @p124, @p125, @p126, @p127, @p128, @p129, @p130, @p131, @p132, @p133, @p134, @p135, @p136, @p137, @p138, 2),
(@p139, @p140, @p141, @p142, @p143, @p144, @p145, @p146, @p147, @p148, @p149, @p150, @p151, @p152, @p153, @p154, 3),
(@p155, @p156, @p157, @p158, @p159, @p160, @p161, @p162, @p163, @p164, @p165, @p166, @p167, @p168, @p169, @p170, 4),
(@p171, @p172, @p173, @p174, @p175, @p176, @p177, @p178, @p179, @p180, @p181, @p182, @p183, @p184, @p185, @p186, 5),
(@p187, @p188, @p189, @p190, @p191, @p192, @p193, @p194, @p195, @p196, @p197, @p198, @p199, @p200, @p201, @p202, 6),
(@p203, @p204, @p205, @p206, @p207, @p208, @p209, @p210, @p211, @p212, @p213, @p214, @p215, @p216, @p217, @p218, 7)) AS i ([Id], [ActualHours], [AssigneeId], [CreatedAt], [Description], [DueDate], [EstimatedHours], [ImportSessionId], [Priority], [ProjectId], [ReporterId], [SortOrder], [StartDate], [Status], [Title], [UpdatedAt], _Position) ON 1=0
WHEN NOT MATCHED THEN
INSERT ([Id], [ActualHours], [AssigneeId], [CreatedAt], [Description], [DueDate], [EstimatedHours], [ImportSessionId], [Priority], [ProjectId], [ReporterId], [SortOrder], [StartDate], [Status], [Title], [UpdatedAt])
VALUES (i.[Id], i.[ActualHours], i.[AssigneeId], i.[CreatedAt], i.[Description], i.[DueDate], i.[EstimatedHours], i.[ImportSessionId], i.[Priority], i.[ProjectId], i.[ReporterId], i.[SortOrder], i.[StartDate], i.[Status], i.[Title], i.[UpdatedAt])
OUTPUT INSERTED.[ContributesToProgress], INSERTED.[DownvoteCount], INSERTED.[IsPinned], INSERTED.[IsPrivate], INSERTED.[UpvoteCount], i._Position;
INSERT INTO [VectorSyncOutbox] ([Id], [CreatedAt], [ErrorMessage], [EventType], [Payload], [ProcessedAt], [RetryCount], [UpdatedAt])
VALUES (@p219, @p220, @p221, @p222, @p223, @p224, @p225, @p226),
(@p227, @p228, @p229, @p230, @p231, @p232, @p233, @p234),
(@p235, @p236, @p237, @p238, @p239, @p240, @p241, @p242),
(@p243, @p244, @p245, @p246, @p247, @p248, @p249, @p250),
(@p251, @p252, @p253, @p254, @p255, @p256, @p257, @p258),
(@p259, @p260, @p261, @p262, @p263, @p264, @p265, @p266),
(@p267, @p268, @p269, @p270, @p271, @p272, @p273, @p274),
(@p275, @p276, @p277, @p278, @p279, @p280, @p281, @p282);
[13:56:45 INF] Da seed d?  n 'Multi-Projects' v?i 4 c“ng vi?c.
[13:56:45 INF] Executed DbCommand (1ms) [Parameters=[], CommandType='Text', CommandTimeout='30']
SELECT TOP(1) [u].[Id], [u].[AvatarUrl], [u].[CreatedAt], [u].[Email], [u].[FullName], [u].[IsActive], [u].[PasswordHash], [u].[Role], [u].[UpdatedAt]
FROM [Users] AS [u]
WHERE [u].[Role] = N'Admin'
[13:56:45 WRN] The query uses the 'First'/'FirstOrDefault' operator without 'OrderBy' and filter operators. This may lead to unpredictable results.
[13:56:45 INF] Executed DbCommand (3ms) [Parameters=[], CommandType='Text', CommandTimeout='30']
SELECT TOP(1) [p].[Id], [p].[Code], [p].[CreatedAt], [p].[Description], [p].[EndDate], [p].[LogoUrl], [p].[Name], [p].[OwnerId], [p].[StartDate], [p].[Status], [p].[UpdatedAt]
FROM [Projects] AS [p]
[13:56:45 INF] Executed DbCommand (8ms) [Parameters=[@p0='?' (DbType = Guid), @p1='?' (DbType = Guid), @p2='?' (Size = 4000), @p3='?' (DbType = DateTimeOffset), @p4='?' (DbType = Guid), @p5='?' (DbType = Guid), @p6='?' (DbType = DateTimeOffset), @p7='?' (DbType = Guid), @p8='?' (DbType = Guid), @p9='?' (Size = 4000), @p10='?' (DbType = DateTimeOffset), @p11='?' (DbType = Guid), @p12='?' (DbType = Guid), @p13='?' (DbType = DateTimeOffset), @p14='?' (DbType = Guid), @p15='?' (DbType = Int32), @p16='?' (DbType = Guid), @p17='?' (DbType = DateTimeOffset), @p18='?' (Size = 4000), @p19='?' (DbType = DateTimeOffset), @p20='?' (DbType = Int32), @p21='?' (DbType = Guid), @p22='?' (Size = 20), @p23='?' (DbType = Guid), @p24='?' (DbType = Guid), @p25='?' (DbType = Int32), @p26='?' (DbType = DateTimeOffset), @p27='?' (Size = 20), @p28='?' (Size = 300), @p29='?' (DbType = DateTimeOffset), @p30='?' (DbType = Guid), @p31='?' (DbType = Int32), @p32='?' (DbType = Guid), @p33='?' (DbType = DateTimeOffset), @p34='?' (Size = 4000), @p35='?' (DbType = DateTimeOffset), @p36='?' (DbType = Int32), @p37='?' (DbType = Guid), @p38='?' (Size = 20), @p39='?' (DbType = Guid), @p40='?' (DbType = Guid), @p41='?' (DbType = Int32), @p42='?' (DbType = DateTimeOffset), @p43='?' (Size = 20), @p44='?' (Size = 300), @p45='?' (DbType = DateTimeOffset), @p46='?' (DbType = Guid), @p47='?' (DbType = Int32), @p48='?' (DbType = Guid), @p49='?' (DbType = DateTimeOffset), @p50='?' (Size = 4000), @p51='?' (DbType = DateTimeOffset), @p52='?' (DbType = Int32), @p53='?' (DbType = Guid), @p54='?' (Size = 20), @p55='?' (DbType = Guid), @p56='?' (DbType = Guid), @p57='?' (DbType = Int32), @p58='?' (DbType = DateTimeOffset), @p59='?' (Size = 20), @p60='?' (Size = 300), @p61='?' (DbType = DateTimeOffset), @p62='?' (DbType = Guid), @p63='?' (DbType = Int32), @p64='?' (DbType = Guid), @p65='?' (DbType = DateTimeOffset), @p66='?' (Size = 4000), @p67='?' (DbType = DateTimeOffset), @p68='?' (DbType = Int32), @p69='?' (DbType = Guid), @p70='?' (Size = 20), @p71='?' (DbType = Guid), @p72='?' (DbType = Guid), @p73='?' (DbType = Int32), @p74='?' (DbType = DateTimeOffset), @p75='?' (Size = 20), @p76='?' (Size = 300), @p77='?' (DbType = DateTimeOffset), @p78='?' (DbType = Guid), @p79='?' (DbType = DateTimeOffset), @p80='?' (Size = 4000), @p81='?' (Size = 4000), @p82='?' (Size = 4000), @p83='?' (DbType = DateTimeOffset), @p84='?' (DbType = Int32), @p85='?' (DbType = DateTimeOffset), @p86='?' (DbType = Guid), @p87='?' (DbType = DateTimeOffset), @p88='?' (Size = 4000), @p89='?' (Size = 4000), @p90='?' (Size = 4000), @p91='?' (DbType = DateTimeOffset), @p92='?' (DbType = Int32), @p93='?' (DbType = DateTimeOffset), @p94='?' (DbType = Guid), @p95='?' (DbType = DateTimeOffset), @p96='?' (Size = 4000), @p97='?' (Size = 4000), @p98='?' (Size = 4000), @p99='?' (DbType = DateTimeOffset), @p100='?' (DbType = Int32), @p101='?' (DbType = DateTimeOffset), @p102='?' (DbType = Guid), @p103='?' (DbType = DateTimeOffset), @p104='?' (Size = 4000), @p105='?' (Size = 4000), @p106='?' (Size = 4000), @p107='?' (DbType = DateTimeOffset), @p108='?' (DbType = Int32), @p109='?' (DbType = DateTimeOffset), @p110='?' (DbType = Guid), @p111='?' (DbType = DateTimeOffset), @p112='?' (Size = 4000), @p113='?' (Size = 4000), @p114='?' (Size = 4000), @p115='?' (DbType = DateTimeOffset), @p116='?' (DbType = Int32), @p117='?' (DbType = DateTimeOffset), @p118='?' (DbType = Guid), @p119='?' (DbType = DateTimeOffset), @p120='?' (Size = 4000), @p121='?' (Size = 4000), @p122='?' (Size = 4000), @p123='?' (DbType = DateTimeOffset), @p124='?' (DbType = Int32), @p125='?' (DbType = DateTimeOffset)], CommandType='Text', CommandTimeout='30']
SET NOCOUNT ON;
MERGE [TaskComments] USING (
VALUES (@p0, @p1, @p2, @p3, @p4, @p5, @p6, 0),
(@p7, @p8, @p9, @p10, @p11, @p12, @p13, 1)) AS i ([Id], [AuthorId], [Content], [CreatedAt], [ParentCommentId], [TaskItemId], [UpdatedAt], _Position) ON 1=0
WHEN NOT MATCHED THEN
INSERT ([Id], [AuthorId], [Content], [CreatedAt], [ParentCommentId], [TaskItemId], [UpdatedAt])
VALUES (i.[Id], i.[AuthorId], i.[Content], i.[CreatedAt], i.[ParentCommentId], i.[TaskItemId], i.[UpdatedAt])
OUTPUT INSERTED.[DownvoteCount], INSERTED.[UpvoteCount], i._Position;
MERGE [TaskItems] USING (
VALUES (@p14, @p15, @p16, @p17, @p18, @p19, @p20, @p21, @p22, @p23, @p24, @p25, @p26, @p27, @p28, @p29, 0),
(@p30, @p31, @p32, @p33, @p34, @p35, @p36, @p37, @p38, @p39, @p40, @p41, @p42, @p43, @p44, @p45, 1),
(@p46, @p47, @p48, @p49, @p50, @p51, @p52, @p53, @p54, @p55, @p56, @p57, @p58, @p59, @p60, @p61, 2),
(@p62, @p63, @p64, @p65, @p66, @p67, @p68, @p69, @p70, @p71, @p72, @p73, @p74, @p75, @p76, @p77, 3)) AS i ([Id], [ActualHours], [AssigneeId], [CreatedAt], [Description], [DueDate], [EstimatedHours], [ImportSessionId], [Priority], [ProjectId], [ReporterId], [SortOrder], [StartDate], [Status], [Title], [UpdatedAt], _Position) ON 1=0
WHEN NOT MATCHED THEN
INSERT ([Id], [ActualHours], [AssigneeId], [CreatedAt], [Description], [DueDate], [EstimatedHours], [ImportSessionId], [Priority], [ProjectId], [ReporterId], [SortOrder], [StartDate], [Status], [Title], [UpdatedAt])
VALUES (i.[Id], i.[ActualHours], i.[AssigneeId], i.[CreatedAt], i.[Description], i.[DueDate], i.[EstimatedHours], i.[ImportSessionId], i.[Priority], i.[ProjectId], i.[ReporterId], i.[SortOrder], i.[StartDate], i.[Status], i.[Title], i.[UpdatedAt])
OUTPUT INSERTED.[ContributesToProgress], INSERTED.[DownvoteCount], INSERTED.[IsPinned], INSERTED.[IsPrivate], INSERTED.[UpvoteCount], i._Position;
INSERT INTO [VectorSyncOutbox] ([Id], [CreatedAt], [ErrorMessage], [EventType], [Payload], [ProcessedAt], [RetryCount], [UpdatedAt])
VALUES (@p78, @p79, @p80, @p81, @p82, @p83, @p84, @p85),
(@p86, @p87, @p88, @p89, @p90, @p91, @p92, @p93),
(@p94, @p95, @p96, @p97, @p98, @p99, @p100, @p101),
(@p102, @p103, @p104, @p105, @p106, @p107, @p108, @p109),
(@p110, @p111, @p112, @p113, @p114, @p115, @p116, @p117),
(@p118, @p119, @p120, @p121, @p122, @p123, @p124, @p125);
[13:56:45 INF] D? li?u m?u da du?c t?o th…nh c“ng.
[13:56:45 INF] B?t d?u d?ng b? d? li?u v…o Vector Database...
[13:56:45 INF] Executed DbCommand (2ms) [Parameters=[], CommandType='Text', CommandTimeout='30']
SELECT [p].[Id], [p].[Code], [p].[CreatedAt], [p].[Description], [p].[EndDate], [p].[LogoUrl], [p].[Name], [p].[OwnerId], [p].[StartDate], [p].[Status], [p].[UpdatedAt]
FROM [Projects] AS [p]
[13:56:45 INF] Executed DbCommand (2ms) [Parameters=[], CommandType='Text', CommandTimeout='30']
SELECT [t].[Id], [t].[ActualHours], [t].[AssigneeId], [t].[ContributesToProgress], [t].[CreatedAt], [t].[Description], [t].[DownvoteCount], [t].[DueDate], [t].[EstimatedHours], [t].[ImportSessionId], [t].[IsPinned], [t].[IsPrivate], [t].[Priority], [t].[ProjectId], [t].[ReporterId], [t].[SortOrder], [t].[StartDate], [t].[Status], [t].[Title], [t].[UpdatedAt], [t].[UpvoteCount]
FROM [TaskItems] AS [t]
[13:56:45 INF] Executed DbCommand (2ms) [Parameters=[@taskId='?' (DbType = Guid)], CommandType='Text', CommandTimeout='30']
SELECT TOP(1) [t].[Id], [t].[ActualHours], [t].[AssigneeId], [t].[ContributesToProgress], [t].[CreatedAt], [t].[Description], [t].[DownvoteCount], [t].[DueDate], [t].[EstimatedHours], [t].[ImportSessionId], [t].[IsPinned], [t].[IsPrivate], [t].[Priority], [t].[ProjectId], [t].[ReporterId], [t].[SortOrder], [t].[StartDate], [t].[Status], [t].[Title], [t].[UpdatedAt], [t].[UpvoteCount], [p].[Id], [p].[Code], [p].[CreatedAt], [p].[Description], [p].[EndDate], [p].[LogoUrl], [p].[Name], [p].[OwnerId], [p].[StartDate], [p].[Status], [p].[UpdatedAt]
FROM [TaskItems] AS [t]
INNER JOIN [Projects] AS [p] ON [t].[ProjectId] = [p].[Id]
WHERE [t].[Id] = @taskId
[13:56:45 INF] Executed DbCommand (2ms) [Parameters=[@taskId='?' (DbType = Guid)], CommandType='Text', CommandTimeout='30']
SELECT TOP(1) [t].[Id], [t].[ActualHours], [t].[AssigneeId], [t].[ContributesToProgress], [t].[CreatedAt], [t].[Description], [t].[DownvoteCount], [t].[DueDate], [t].[EstimatedHours], [t].[ImportSessionId], [t].[IsPinned], [t].[IsPrivate], [t].[Priority], [t].[ProjectId], [t].[ReporterId], [t].[SortOrder], [t].[StartDate], [t].[Status], [t].[Title], [t].[UpdatedAt], [t].[UpvoteCount], [p].[Id], [p].[Code], [p].[CreatedAt], [p].[Description], [p].[EndDate], [p].[LogoUrl], [p].[Name], [p].[OwnerId], [p].[StartDate], [p].[Status], [p].[UpdatedAt]
FROM [TaskItems] AS [t]
INNER JOIN [Projects] AS [p] ON [t].[ProjectId] = [p].[Id]
WHERE [t].[Id] = @taskId
[13:56:45 INF] Executed DbCommand (1ms) [Parameters=[@taskId='?' (DbType = Guid)], CommandType='Text', CommandTimeout='30']
SELECT TOP(1) [t].[Id], [t].[ActualHours], [t].[AssigneeId], [t].[ContributesToProgress], [t].[CreatedAt], [t].[Description], [t].[DownvoteCount], [t].[DueDate], [t].[EstimatedHours], [t].[ImportSessionId], [t].[IsPinned], [t].[IsPrivate], [t].[Priority], [t].[ProjectId], [t].[ReporterId], [t].[SortOrder], [t].[StartDate], [t].[Status], [t].[Title], [t].[UpdatedAt], [t].[UpvoteCount], [p].[Id], [p].[Code], [p].[CreatedAt], [p].[Description], [p].[EndDate], [p].[LogoUrl], [p].[Name], [p].[OwnerId], [p].[StartDate], [p].[Status], [p].[UpdatedAt]
FROM [TaskItems] AS [t]
INNER JOIN [Projects] AS [p] ON [t].[ProjectId] = [p].[Id]
WHERE [t].[Id] = @taskId
[13:56:45 INF] Executed DbCommand (1ms) [Parameters=[@taskId='?' (DbType = Guid)], CommandType='Text', CommandTimeout='30']
SELECT TOP(1) [t].[Id], [t].[ActualHours], [t].[AssigneeId], [t].[ContributesToProgress], [t].[CreatedAt], [t].[Description], [t].[DownvoteCount], [t].[DueDate], [t].[EstimatedHours], [t].[ImportSessionId], [t].[IsPinned], [t].[IsPrivate], [t].[Priority], [t].[ProjectId], [t].[ReporterId], [t].[SortOrder], [t].[StartDate], [t].[Status], [t].[Title], [t].[UpdatedAt], [t].[UpvoteCount], [p].[Id], [p].[Code], [p].[CreatedAt], [p].[Description], [p].[EndDate], [p].[LogoUrl], [p].[Name], [p].[OwnerId], [p].[StartDate], [p].[Status], [p].[UpdatedAt]
FROM [TaskItems] AS [t]
INNER JOIN [Projects] AS [p] ON [t].[ProjectId] = [p].[Id]
WHERE [t].[Id] = @taskId
[13:56:45 INF] Executed DbCommand (1ms) [Parameters=[@taskId='?' (DbType = Guid)], CommandType='Text', CommandTimeout='30']
SELECT TOP(1) [t].[Id], [t].[ActualHours], [t].[AssigneeId], [t].[ContributesToProgress], [t].[CreatedAt], [t].[Description], [t].[DownvoteCount], [t].[DueDate], [t].[EstimatedHours], [t].[ImportSessionId], [t].[IsPinned], [t].[IsPrivate], [t].[Priority], [t].[ProjectId], [t].[ReporterId], [t].[SortOrder], [t].[StartDate], [t].[Status], [t].[Title], [t].[UpdatedAt], [t].[UpvoteCount], [p].[Id], [p].[Code], [p].[CreatedAt], [p].[Description], [p].[EndDate], [p].[LogoUrl], [p].[Name], [p].[OwnerId], [p].[StartDate], [p].[Status], [p].[UpdatedAt]
FROM [TaskItems] AS [t]
INNER JOIN [Projects] AS [p] ON [t].[ProjectId] = [p].[Id]
WHERE [t].[Id] = @taskId
[13:56:45 INF] Executed DbCommand (1ms) [Parameters=[@taskId='?' (DbType = Guid)], CommandType='Text', CommandTimeout='30']
SELECT TOP(1) [t].[Id], [t].[ActualHours], [t].[AssigneeId], [t].[ContributesToProgress], [t].[CreatedAt], [t].[Description], [t].[DownvoteCount], [t].[DueDate], [t].[EstimatedHours], [t].[ImportSessionId], [t].[IsPinned], [t].[IsPrivate], [t].[Priority], [t].[ProjectId], [t].[ReporterId], [t].[SortOrder], [t].[StartDate], [t].[Status], [t].[Title], [t].[UpdatedAt], [t].[UpvoteCount], [p].[Id], [p].[Code], [p].[CreatedAt], [p].[Description], [p].[EndDate], [p].[LogoUrl], [p].[Name], [p].[OwnerId], [p].[StartDate], [p].[Status], [p].[UpdatedAt]
FROM [TaskItems] AS [t]
INNER JOIN [Projects] AS [p] ON [t].[ProjectId] = [p].[Id]
WHERE [t].[Id] = @taskId
[13:56:45 INF] Executed DbCommand (1ms) [Parameters=[@taskId='?' (DbType = Guid)], CommandType='Text', CommandTimeout='30']
SELECT TOP(1) [t].[Id], [t].[ActualHours], [t].[AssigneeId], [t].[ContributesToProgress], [t].[CreatedAt], [t].[Description], [t].[DownvoteCount], [t].[DueDate], [t].[EstimatedHours], [t].[ImportSessionId], [t].[IsPinned], [t].[IsPrivate], [t].[Priority], [t].[ProjectId], [t].[ReporterId], [t].[SortOrder], [t].[StartDate], [t].[Status], [t].[Title], [t].[UpdatedAt], [t].[UpvoteCount], [p].[Id], [p].[Code], [p].[CreatedAt], [p].[Description], [p].[EndDate], [p].[LogoUrl], [p].[Name], [p].[OwnerId], [p].[StartDate], [p].[Status], [p].[UpdatedAt]
FROM [TaskItems] AS [t]
INNER JOIN [Projects] AS [p] ON [t].[ProjectId] = [p].[Id]
WHERE [t].[Id] = @taskId
[13:56:45 INF] Executed DbCommand (1ms) [Parameters=[@taskId='?' (DbType = Guid)], CommandType='Text', CommandTimeout='30']
SELECT TOP(1) [t].[Id], [t].[ActualHours], [t].[AssigneeId], [t].[ContributesToProgress], [t].[CreatedAt], [t].[Description], [t].[DownvoteCount], [t].[DueDate], [t].[EstimatedHours], [t].[ImportSessionId], [t].[IsPinned], [t].[IsPrivate], [t].[Priority], [t].[ProjectId], [t].[ReporterId], [t].[SortOrder], [t].[StartDate], [t].[Status], [t].[Title], [t].[UpdatedAt], [t].[UpvoteCount], [p].[Id], [p].[Code], [p].[CreatedAt], [p].[Description], [p].[EndDate], [p].[LogoUrl], [p].[Name], [p].[OwnerId], [p].[StartDate], [p].[Status], [p].[UpdatedAt]
FROM [TaskItems] AS [t]
INNER JOIN [Projects] AS [p] ON [t].[ProjectId] = [p].[Id]
WHERE [t].[Id] = @taskId
[13:56:45 INF] Executed DbCommand (1ms) [Parameters=[@taskId='?' (DbType = Guid)], CommandType='Text', CommandTimeout='30']
SELECT TOP(1) [t].[Id], [t].[ActualHours], [t].[AssigneeId], [t].[ContributesToProgress], [t].[CreatedAt], [t].[Description], [t].[DownvoteCount], [t].[DueDate], [t].[EstimatedHours], [t].[ImportSessionId], [t].[IsPinned], [t].[IsPrivate], [t].[Priority], [t].[ProjectId], [t].[ReporterId], [t].[SortOrder], [t].[StartDate], [t].[Status], [t].[Title], [t].[UpdatedAt], [t].[UpvoteCount], [p].[Id], [p].[Code], [p].[CreatedAt], [p].[Description], [p].[EndDate], [p].[LogoUrl], [p].[Name], [p].[OwnerId], [p].[StartDate], [p].[Status], [p].[UpdatedAt]
FROM [TaskItems] AS [t]
INNER JOIN [Projects] AS [p] ON [t].[ProjectId] = [p].[Id]
WHERE [t].[Id] = @taskId
[13:56:45 INF] Executed DbCommand (1ms) [Parameters=[@taskId='?' (DbType = Guid)], CommandType='Text', CommandTimeout='30']
SELECT TOP(1) [t].[Id], [t].[ActualHours], [t].[AssigneeId], [t].[ContributesToProgress], [t].[CreatedAt], [t].[Description], [t].[DownvoteCount], [t].[DueDate], [t].[EstimatedHours], [t].[ImportSessionId], [t].[IsPinned], [t].[IsPrivate], [t].[Priority], [t].[ProjectId], [t].[ReporterId], [t].[SortOrder], [t].[StartDate], [t].[Status], [t].[Title], [t].[UpdatedAt], [t].[UpvoteCount], [p].[Id], [p].[Code], [p].[CreatedAt], [p].[Description], [p].[EndDate], [p].[LogoUrl], [p].[Name], [p].[OwnerId], [p].[StartDate], [p].[Status], [p].[UpdatedAt]
FROM [TaskItems] AS [t]
INNER JOIN [Projects] AS [p] ON [t].[ProjectId] = [p].[Id]
WHERE [t].[Id] = @taskId
[13:56:45 INF] Executed DbCommand (1ms) [Parameters=[@taskId='?' (DbType = Guid)], CommandType='Text', CommandTimeout='30']
SELECT TOP(1) [t].[Id], [t].[ActualHours], [t].[AssigneeId], [t].[ContributesToProgress], [t].[CreatedAt], [t].[Description], [t].[DownvoteCount], [t].[DueDate], [t].[EstimatedHours], [t].[ImportSessionId], [t].[IsPinned], [t].[IsPrivate], [t].[Priority], [t].[ProjectId], [t].[ReporterId], [t].[SortOrder], [t].[StartDate], [t].[Status], [t].[Title], [t].[UpdatedAt], [t].[UpvoteCount], [p].[Id], [p].[Code], [p].[CreatedAt], [p].[Description], [p].[EndDate], [p].[LogoUrl], [p].[Name], [p].[OwnerId], [p].[StartDate], [p].[Status], [p].[UpdatedAt]
FROM [TaskItems] AS [t]
INNER JOIN [Projects] AS [p] ON [t].[ProjectId] = [p].[Id]
WHERE [t].[Id] = @taskId
[13:56:45 INF] Executed DbCommand (1ms) [Parameters=[@taskId='?' (DbType = Guid)], CommandType='Text', CommandTimeout='30']
SELECT TOP(1) [t].[Id], [t].[ActualHours], [t].[AssigneeId], [t].[ContributesToProgress], [t].[CreatedAt], [t].[Description], [t].[DownvoteCount], [t].[DueDate], [t].[EstimatedHours], [t].[ImportSessionId], [t].[IsPinned], [t].[IsPrivate], [t].[Priority], [t].[ProjectId], [t].[ReporterId], [t].[SortOrder], [t].[StartDate], [t].[Status], [t].[Title], [t].[UpdatedAt], [t].[UpvoteCount], [p].[Id], [p].[Code], [p].[CreatedAt], [p].[Description], [p].[EndDate], [p].[LogoUrl], [p].[Name], [p].[OwnerId], [p].[StartDate], [p].[Status], [p].[UpdatedAt]
FROM [TaskItems] AS [t]
INNER JOIN [Projects] AS [p] ON [t].[ProjectId] = [p].[Id]
WHERE [t].[Id] = @taskId
[13:56:45 INF] Executed DbCommand (2ms) [Parameters=[], CommandType='Text', CommandTimeout='30']
SELECT [t].[Id], [t].[AuthorId], [t].[Content], [t].[CreatedAt], [t].[DownvoteCount], [t].[ParentCommentId], [t].[TaskItemId], [t].[UpdatedAt], [t].[UpvoteCount]
FROM [TaskComments] AS [t]
[13:56:45 INF] Executed DbCommand (2ms) [Parameters=[@commentId='?' (DbType = Guid)], CommandType='Text', CommandTimeout='30']
SELECT TOP(1) [t].[Id], [t].[AuthorId], [t].[Content], [t].[CreatedAt], [t].[DownvoteCount], [t].[ParentCommentId], [t].[TaskItemId], [t].[UpdatedAt], [t].[UpvoteCount], [t0].[Id], [t0].[ActualHours], [t0].[AssigneeId], [t0].[ContributesToProgress], [t0].[CreatedAt], [t0].[Description], [t0].[DownvoteCount], [t0].[DueDate], [t0].[EstimatedHours], [t0].[ImportSessionId], [t0].[IsPinned], [t0].[IsPrivate], [t0].[Priority], [t0].[ProjectId], [t0].[ReporterId], [t0].[SortOrder], [t0].[StartDate], [t0].[Status], [t0].[Title], [t0].[UpdatedAt], [t0].[UpvoteCount], [p].[Id], [p].[Code], [p].[CreatedAt], [p].[Description], [p].[EndDate], [p].[LogoUrl], [p].[Name], [p].[OwnerId], [p].[StartDate], [p].[Status], [p].[UpdatedAt]
FROM [TaskComments] AS [t]
INNER JOIN [TaskItems] AS [t0] ON [t].[TaskItemId] = [t0].[Id]
INNER JOIN [Projects] AS [p] ON [t0].[ProjectId] = [p].[Id]
WHERE [t].[Id] = @commentId
[13:56:45 INF] Executed DbCommand (2ms) [Parameters=[@commentId='?' (DbType = Guid)], CommandType='Text', CommandTimeout='30']
SELECT TOP(1) [t].[Id], [t].[AuthorId], [t].[Content], [t].[CreatedAt], [t].[DownvoteCount], [t].[ParentCommentId], [t].[TaskItemId], [t].[UpdatedAt], [t].[UpvoteCount], [t0].[Id], [t0].[ActualHours], [t0].[AssigneeId], [t0].[ContributesToProgress], [t0].[CreatedAt], [t0].[Description], [t0].[DownvoteCount], [t0].[DueDate], [t0].[EstimatedHours], [t0].[ImportSessionId], [t0].[IsPinned], [t0].[IsPrivate], [t0].[Priority], [t0].[ProjectId], [t0].[ReporterId], [t0].[SortOrder], [t0].[StartDate], [t0].[Status], [t0].[Title], [t0].[UpdatedAt], [t0].[UpvoteCount], [p].[Id], [p].[Code], [p].[CreatedAt], [p].[Description], [p].[EndDate], [p].[LogoUrl], [p].[Name], [p].[OwnerId], [p].[StartDate], [p].[Status], [p].[UpdatedAt]
FROM [TaskComments] AS [t]
INNER JOIN [TaskItems] AS [t0] ON [t].[TaskItemId] = [t0].[Id]
INNER JOIN [Projects] AS [p] ON [t0].[ProjectId] = [p].[Id]
WHERE [t].[Id] = @commentId
[13:56:45 INF] Executed DbCommand (1ms) [Parameters=[], CommandType='Text', CommandTimeout='30']
SELECT [t].[Id], [t].[CommentId], [t].[ContentType], [t].[CreatedAt], [t].[FileName], [t].[FilePath], [t].[FileSize], [t].[ProjectId], [t].[Scope], [t].[TaskItemId], [t].[UpdatedAt], [t].[UploadedAt], [t].[UploadedById]
FROM [TaskAttachments] AS [t]
[13:56:45 INF] D?ng b? d? li?u AI ho…n t?t.
[13:56:45 INF] Starting Qaly Web App...
[13:56:45 INF] Vector Sync Worker is starting.
[13:56:45 INF] Email Digest Worker is starting.
[13:56:45 INF] Next email digest run scheduled for 05/18/2026 07:00:00 (in 17:03:14.2327169)
[13:56:45 WRN] The WebRootPath was not found: C:\Users\OS\Qaly_project\src\Qaly.Web\bin\Debug\net10.0\wwwroot. Static files may be unavailable.
[13:56:45 INF] Now listening on: http://localhost:5000
[13:56:45 INF] Application started. Press Ctrl+C to shut down.
[13:56:45 INF] Hosting environment: Production
[13:56:45 INF] Content root path: C:\Users\OS\Qaly_project\src\Qaly.Web\bin\Debug\net10.0
[13:56:45 INF] Executed DbCommand (3ms) [Parameters=[@p='?' (DbType = Int32)], CommandType='Text', CommandTimeout='30']
SELECT TOP(@p) [v].[Id], [v].[CreatedAt], [v].[ErrorMessage], [v].[EventType], [v].[Payload], [v].[ProcessedAt], [v].[RetryCount], [v].[UpdatedAt]
FROM [VectorSyncOutbox] AS [v]
WHERE [v].[ProcessedAt] IS NULL AND [v].[RetryCount] < 5
ORDER BY [v].[CreatedAt]
[13:56:45 WRN] Unknown event type: TaskCommentDeleted
[13:56:45 WRN] Unknown event type: TaskCommentDeleted
[13:56:45 WRN] Unknown event type: TaskItemDeleted
[13:56:45 WRN] Unknown event type: TaskItemDeleted
[13:56:45 WRN] Unknown event type: TaskItemDeleted
[13:56:45 WRN] Unknown event type: TaskItemDeleted
[13:56:45 WRN] Unknown event type: TaskItemDeleted
[13:56:45 WRN] Unknown event type: TaskItemDeleted
[13:56:45 WRN] Unknown event type: TaskItemDeleted
[13:56:45 WRN] Unknown event type: TaskItemDeleted
[13:56:45 WRN] Unknown event type: TaskItemDeleted
[13:56:45 WRN] Unknown event type: TaskItemDeleted
[13:56:45 WRN] Unknown event type: TaskItemDeleted
[13:56:45 WRN] Unknown event type: TaskItemDeleted
[13:56:45 INF] Executed DbCommand (2ms) [Parameters=[@p='?' (DbType = Guid)], CommandType='Text', CommandTimeout='30']
SELECT TOP(1) [p].[Id], [p].[Code], [p].[CreatedAt], [p].[Description], [p].[EndDate], [p].[LogoUrl], [p].[Name], [p].[OwnerId], [p].[StartDate], [p].[Status], [p].[UpdatedAt]
FROM [Projects] AS [p]
WHERE [p].[Id] = @p
[13:56:45 INF] Executed DbCommand (1ms) [Parameters=[@p='?' (DbType = Guid)], CommandType='Text', CommandTimeout='30']
SELECT TOP(1) [p].[Id], [p].[Code], [p].[CreatedAt], [p].[Description], [p].[EndDate], [p].[LogoUrl], [p].[Name], [p].[OwnerId], [p].[StartDate], [p].[Status], [p].[UpdatedAt]
FROM [Projects] AS [p]
WHERE [p].[Id] = @p
[13:56:45 INF] Executed DbCommand (22ms) [Parameters=[@p2='?' (DbType = Guid), @p0='?' (DbType = DateTimeOffset), @p1='?' (DbType = DateTimeOffset), @p5='?' (DbType = Guid), @p3='?' (DbType = DateTimeOffset), @p4='?' (DbType = DateTimeOffset), @p8='?' (DbType = Guid), @p6='?' (DbType = DateTimeOffset), @p7='?' (DbType = DateTimeOffset), @p11='?' (DbType = Guid), @p9='?' (DbType = DateTimeOffset), @p10='?' (DbType = DateTimeOffset), @p14='?' (DbType = Guid), @p12='?' (DbType = DateTimeOffset), @p13='?' (DbType = DateTimeOffset), @p17='?' (DbType = Guid), @p15='?' (DbType = DateTimeOffset), @p16='?' (DbType = DateTimeOffset), @p20='?' (DbType = Guid), @p18='?' (DbType = DateTimeOffset), @p19='?' (DbType = DateTimeOffset), @p23='?' (DbType = Guid), @p21='?' (DbType = DateTimeOffset), @p22='?' (DbType = DateTimeOffset), @p26='?' (DbType = Guid), @p24='?' (DbType = DateTimeOffset), @p25='?' (DbType = DateTimeOffset), @p29='?' (DbType = Guid), @p27='?' (DbType = DateTimeOffset), @p28='?' (DbType = DateTimeOffset), @p32='?' (DbType = Guid), @p30='?' (DbType = DateTimeOffset), @p31='?' (DbType = DateTimeOffset), @p35='?' (DbType = Guid), @p33='?' (DbType = DateTimeOffset), @p34='?' (DbType = DateTimeOffset), @p38='?' (DbType = Guid), @p36='?' (DbType = DateTimeOffset), @p37='?' (DbType = DateTimeOffset), @p41='?' (DbType = Guid), @p39='?' (DbType = DateTimeOffset), @p40='?' (DbType = DateTimeOffset), @p44='?' (DbType = Guid), @p42='?' (DbType = DateTimeOffset), @p43='?' (DbType = DateTimeOffset), @p47='?' (DbType = Guid), @p45='?' (DbType = DateTimeOffset), @p46='?' (DbType = DateTimeOffset), @p50='?' (DbType = Guid), @p48='?' (DbType = DateTimeOffset), @p49='?' (DbType = DateTimeOffset), @p53='?' (DbType = Guid), @p51='?' (DbType = DateTimeOffset), @p52='?' (DbType = DateTimeOffset), @p56='?' (DbType = Guid), @p54='?' (DbType = DateTimeOffset), @p55='?' (DbType = DateTimeOffset), @p59='?' (DbType = Guid), @p57='?' (DbType = DateTimeOffset), @p58='?' (DbType = DateTimeOffset)], CommandType='Text', CommandTimeout='30']
SET NOCOUNT ON;
UPDATE [VectorSyncOutbox] SET [ProcessedAt] = @p0, [UpdatedAt] = @p1
OUTPUT 1
WHERE [Id] = @p2;
UPDATE [VectorSyncOutbox] SET [ProcessedAt] = @p3, [UpdatedAt] = @p4
OUTPUT 1
WHERE [Id] = @p5;
UPDATE [VectorSyncOutbox] SET [ProcessedAt] = @p6, [UpdatedAt] = @p7
OUTPUT 1
WHERE [Id] = @p8;
UPDATE [VectorSyncOutbox] SET [ProcessedAt] = @p9, [UpdatedAt] = @p10
OUTPUT 1
WHERE [Id] = @p11;
UPDATE [VectorSyncOutbox] SET [ProcessedAt] = @p12, [UpdatedAt] = @p13
OUTPUT 1
WHERE [Id] = @p14;
UPDATE [VectorSyncOutbox] SET [ProcessedAt] = @p15, [UpdatedAt] = @p16
OUTPUT 1
WHERE [Id] = @p17;
UPDATE [VectorSyncOutbox] SET [ProcessedAt] = @p18, [UpdatedAt] = @p19
OUTPUT 1
WHERE [Id] = @p20;
UPDATE [VectorSyncOutbox] SET [ProcessedAt] = @p21, [UpdatedAt] = @p22
OUTPUT 1
WHERE [Id] = @p23;
UPDATE [VectorSyncOutbox] SET [ProcessedAt] = @p24, [UpdatedAt] = @p25
OUTPUT 1
WHERE [Id] = @p26;
UPDATE [VectorSyncOutbox] SET [ProcessedAt] = @p27, [UpdatedAt] = @p28
OUTPUT 1
WHERE [Id] = @p29;
UPDATE [VectorSyncOutbox] SET [ProcessedAt] = @p30, [UpdatedAt] = @p31
OUTPUT 1
WHERE [Id] = @p32;
UPDATE [VectorSyncOutbox] SET [ProcessedAt] = @p33, [UpdatedAt] = @p34
OUTPUT 1
WHERE [Id] = @p35;
UPDATE [VectorSyncOutbox] SET [ProcessedAt] = @p36, [UpdatedAt] = @p37
OUTPUT 1
WHERE [Id] = @p38;
UPDATE [VectorSyncOutbox] SET [ProcessedAt] = @p39, [UpdatedAt] = @p40
OUTPUT 1
WHERE [Id] = @p41;
UPDATE [VectorSyncOutbox] SET [ProcessedAt] = @p42, [UpdatedAt] = @p43
OUTPUT 1
WHERE [Id] = @p44;
UPDATE [VectorSyncOutbox] SET [ProcessedAt] = @p45, [UpdatedAt] = @p46
OUTPUT 1
WHERE [Id] = @p47;
UPDATE [VectorSyncOutbox] SET [ProcessedAt] = @p48, [UpdatedAt] = @p49
OUTPUT 1
WHERE [Id] = @p50;
UPDATE [VectorSyncOutbox] SET [ProcessedAt] = @p51, [UpdatedAt] = @p52
OUTPUT 1
WHERE [Id] = @p53;
UPDATE [VectorSyncOutbox] SET [ProcessedAt] = @p54, [UpdatedAt] = @p55
OUTPUT 1
WHERE [Id] = @p56;
UPDATE [VectorSyncOutbox] SET [ProcessedAt] = @p57, [UpdatedAt] = @p58
OUTPUT 1
WHERE [Id] = @p59;
[13:56:51 INF] Executed DbCommand (2ms) [Parameters=[@p='?' (DbType = Int32)], CommandType='Text', CommandTimeout='30']
SELECT TOP(@p) [v].[Id], [v].[CreatedAt], [v].[ErrorMessage], [v].[EventType], [v].[Payload], [v].[ProcessedAt], [v].[RetryCount], [v].[UpdatedAt]
FROM [VectorSyncOutbox] AS [v]
WHERE [v].[ProcessedAt] IS NULL AND [v].[RetryCount] < 5
ORDER BY [v].[CreatedAt]
[13:56:51 INF] Executed DbCommand (2ms) [Parameters=[@p='?' (DbType = Guid)], CommandType='Text', CommandTimeout='30']
SELECT TOP(1) [p].[Id], [p].[Code], [p].[CreatedAt], [p].[Description], [p].[EndDate], [p].[LogoUrl], [p].[Name], [p].[OwnerId], [p].[StartDate], [p].[Status], [p].[UpdatedAt]
FROM [Projects] AS [p]
WHERE [p].[Id] = @p
[13:56:51 INF] Executed DbCommand (2ms) [Parameters=[@p='?' (DbType = Guid)], CommandType='Text', CommandTimeout='30']
SELECT TOP(1) [p].[Id], [p].[Code], [p].[CreatedAt], [p].[Description], [p].[EndDate], [p].[LogoUrl], [p].[Name], [p].[OwnerId], [p].[StartDate], [p].[Status], [p].[UpdatedAt]
FROM [Projects] AS [p]
WHERE [p].[Id] = @p
[13:56:51 WRN] Unknown event type: TaskItemCreated
[13:56:51 WRN] Unknown event type: TaskItemCreated
[13:56:51 WRN] Unknown event type: TaskItemCreated
[13:56:51 WRN] Unknown event type: TaskItemCreated
[13:56:51 WRN] Unknown event type: TaskItemCreated
[13:56:51 WRN] Unknown event type: TaskItemCreated
[13:56:51 WRN] Unknown event type: TaskItemCreated
[13:56:51 WRN] Unknown event type: TaskItemCreated
[13:56:51 WRN] Unknown event type: TaskItemCreated
[13:56:51 WRN] Unknown event type: TaskItemCreated
[13:56:51 WRN] Unknown event type: TaskItemCreated
[13:56:51 WRN] Unknown event type: TaskItemCreated
[13:56:51 WRN] Unknown event type: TaskCommentCreated
[13:56:51 WRN] Unknown event type: TaskCommentCreated
[13:56:51 INF] Executed DbCommand (16ms) [Parameters=[@p2='?' (DbType = Guid), @p0='?' (DbType = DateTimeOffset), @p1='?' (DbType = DateTimeOffset), @p5='?' (DbType = Guid), @p3='?' (DbType = DateTimeOffset), @p4='?' (DbType = DateTimeOffset), @p8='?' (DbType = Guid), @p6='?' (DbType = DateTimeOffset), @p7='?' (DbType = DateTimeOffset), @p11='?' (DbType = Guid), @p9='?' (DbType = DateTimeOffset), @p10='?' (DbType = DateTimeOffset), @p14='?' (DbType = Guid), @p12='?' (DbType = DateTimeOffset), @p13='?' (DbType = DateTimeOffset), @p17='?' (DbType = Guid), @p15='?' (DbType = DateTimeOffset), @p16='?' (DbType = DateTimeOffset), @p20='?' (DbType = Guid), @p18='?' (DbType = DateTimeOffset), @p19='?' (DbType = DateTimeOffset), @p23='?' (DbType = Guid), @p21='?' (DbType = DateTimeOffset), @p22='?' (DbType = DateTimeOffset), @p26='?' (DbType = Guid), @p24='?' (DbType = DateTimeOffset), @p25='?' (DbType = DateTimeOffset), @p29='?' (DbType = Guid), @p27='?' (DbType = DateTimeOffset), @p28='?' (DbType = DateTimeOffset), @p32='?' (DbType = Guid), @p30='?' (DbType = DateTimeOffset), @p31='?' (DbType = DateTimeOffset), @p35='?' (DbType = Guid), @p33='?' (DbType = DateTimeOffset), @p34='?' (DbType = DateTimeOffset), @p38='?' (DbType = Guid), @p36='?' (DbType = DateTimeOffset), @p37='?' (DbType = DateTimeOffset), @p41='?' (DbType = Guid), @p39='?' (DbType = DateTimeOffset), @p40='?' (DbType = DateTimeOffset), @p44='?' (DbType = Guid), @p42='?' (DbType = DateTimeOffset), @p43='?' (DbType = DateTimeOffset), @p47='?' (DbType = Guid), @p45='?' (DbType = DateTimeOffset), @p46='?' (DbType = DateTimeOffset)], CommandType='Text', CommandTimeout='30']
SET NOCOUNT ON;
UPDATE [VectorSyncOutbox] SET [ProcessedAt] = @p0, [UpdatedAt] = @p1
OUTPUT 1
WHERE [Id] = @p2;
UPDATE [VectorSyncOutbox] SET [ProcessedAt] = @p3, [UpdatedAt] = @p4
OUTPUT 1
WHERE [Id] = @p5;
UPDATE [VectorSyncOutbox] SET [ProcessedAt] = @p6, [UpdatedAt] = @p7
OUTPUT 1
WHERE [Id] = @p8;
UPDATE [VectorSyncOutbox] SET [ProcessedAt] = @p9, [UpdatedAt] = @p10
OUTPUT 1
WHERE [Id] = @p11;
UPDATE [VectorSyncOutbox] SET [ProcessedAt] = @p12, [UpdatedAt] = @p13
OUTPUT 1
WHERE [Id] = @p14;
UPDATE [VectorSyncOutbox] SET [ProcessedAt] = @p15, [UpdatedAt] = @p16
OUTPUT 1
WHERE [Id] = @p17;
UPDATE [VectorSyncOutbox] SET [ProcessedAt] = @p18, [UpdatedAt] = @p19
OUTPUT 1
WHERE [Id] = @p20;
UPDATE [VectorSyncOutbox] SET [ProcessedAt] = @p21, [UpdatedAt] = @p22
OUTPUT 1
WHERE [Id] = @p23;
UPDATE [VectorSyncOutbox] SET [ProcessedAt] = @p24, [UpdatedAt] = @p25
OUTPUT 1
WHERE [Id] = @p26;
UPDATE [VectorSyncOutbox] SET [ProcessedAt] = @p27, [UpdatedAt] = @p28
OUTPUT 1
WHERE [Id] = @p29;
UPDATE [VectorSyncOutbox] SET [ProcessedAt] = @p30, [UpdatedAt] = @p31
OUTPUT 1
WHERE [Id] = @p32;
UPDATE [VectorSyncOutbox] SET [ProcessedAt] = @p33, [UpdatedAt] = @p34
OUTPUT 1
WHERE [Id] = @p35;
UPDATE [VectorSyncOutbox] SET [ProcessedAt] = @p36, [UpdatedAt] = @p37
OUTPUT 1
WHERE [Id] = @p38;
UPDATE [VectorSyncOutbox] SET [ProcessedAt] = @p39, [UpdatedAt] = @p40
OUTPUT 1
WHERE [Id] = @p41;
UPDATE [VectorSyncOutbox] SET [ProcessedAt] = @p42, [UpdatedAt] = @p43
OUTPUT 1
WHERE [Id] = @p44;
UPDATE [VectorSyncOutbox] SET [ProcessedAt] = @p45, [UpdatedAt] = @p46
OUTPUT 1
WHERE [Id] = @p47;
[13:56:56 INF] Executed DbCommand (2ms) [Parameters=[@p='?' (DbType = Int32)], CommandType='Text', CommandTimeout='30']
SELECT TOP(@p) [v].[Id], [v].[CreatedAt], [v].[ErrorMessage], [v].[EventType], [v].[Payload], [v].[ProcessedAt], [v].[RetryCount], [v].[UpdatedAt]
FROM [VectorSyncOutbox] AS [v]
WHERE [v].[ProcessedAt] IS NULL AND [v].[RetryCount] < 5
ORDER BY [v].[CreatedAt]
[13:56:58 WRN] Failed to determine the https port for redirect.
[13:56:58 INF] HTTP POST /hubs/notification/negotiate responded 302 in 71.8264 ms
[13:56:58 INF] HTTP POST /hubs/notification/negotiate responded 302 in 73.0375 ms
[13:56:58 ERR] An exception was thrown while deserializing the token.
Microsoft.AspNetCore.Antiforgery.AntiforgeryValidationException: The antiforgery token could not be decrypted.
 ---> System.Security.Cryptography.CryptographicException: The key {7b35e870-33e8-42d6-847f-127a63ec5b9b} was not found in the key ring. For more information go to https://aka.ms/aspnet/dataprotectionwarning
   at Microsoft.AspNetCore.DataProtection.KeyManagement.KeyRingBasedDataProtector.UnprotectCore(Byte[] protectedData, Boolean allowOperationsOnRevokedKeys, UnprotectStatus& status)
   at Microsoft.AspNetCore.DataProtection.KeyManagement.KeyRingBasedDataProtector.Unprotect(Byte[] protectedData)
   at Microsoft.AspNetCore.Antiforgery.DefaultAntiforgeryTokenSerializer.Deserialize(String serializedToken)
   --- End of inner exception stack trace ---
   at Microsoft.AspNetCore.Antiforgery.DefaultAntiforgeryTokenSerializer.Deserialize(String serializedToken)
   at Microsoft.AspNetCore.Antiforgery.DefaultAntiforgery.GetCookieTokenDoesNotThrow(HttpContext httpContext)
[13:56:58 ERR] An exception was thrown while deserializing the token.
Microsoft.AspNetCore.Antiforgery.AntiforgeryValidationException: The antiforgery token could not be decrypted.
 ---> System.Security.Cryptography.CryptographicException: The key {7b35e870-33e8-42d6-847f-127a63ec5b9b} was not found in the key ring. For more information go to https://aka.ms/aspnet/dataprotectionwarning
   at Microsoft.AspNetCore.DataProtection.KeyManagement.KeyRingBasedDataProtector.UnprotectCore(Byte[] protectedData, Boolean allowOperationsOnRevokedKeys, UnprotectStatus& status)
   at Microsoft.AspNetCore.DataProtection.KeyManagement.KeyRingBasedDataProtector.Unprotect(Byte[] protectedData)
   at Microsoft.AspNetCore.Antiforgery.DefaultAntiforgeryTokenSerializer.Deserialize(String serializedToken)
   --- End of inner exception stack trace ---
   at Microsoft.AspNetCore.Antiforgery.DefaultAntiforgeryTokenSerializer.Deserialize(String serializedToken)
   at Microsoft.AspNetCore.Antiforgery.DefaultAntiforgery.GetCookieTokenDoesNotThrow(HttpContext httpContext)
[13:56:58 INF] HTTP GET /Account/Login responded 200 in 166.1486 ms
[13:56:58 INF] HTTP GET /Account/Login responded 200 in 57.7618 ms
[13:57:01 INF] Executed DbCommand (3ms) [Parameters=[@p='?' (DbType = Int32)], CommandType='Text', CommandTimeout='30']
SELECT TOP(@p) [v].[Id], [v].[CreatedAt], [v].[ErrorMessage], [v].[EventType], [v].[Payload], [v].[ProcessedAt], [v].[RetryCount], [v].[UpdatedAt]
FROM [VectorSyncOutbox] AS [v]
WHERE [v].[ProcessedAt] IS NULL AND [v].[RetryCount] < 5
ORDER BY [v].[CreatedAt]
